Component: Arm Compiler for Embedded 6.24 Tool: armlink [5f371500]

==============================================================================

Section Cross References

    startup_stm32f103xe.o(RESET) refers to startup_stm32f103xe.o(STACK) for __initial_sp
    startup_stm32f103xe.o(RESET) refers to startup_stm32f103xe.o(.text) for Reset_Handler
    startup_stm32f103xe.o(RESET) refers to stm32f1xx_it.o(.text.NMI_Handler) for NMI_Handler
    startup_stm32f103xe.o(RESET) refers to stm32f1xx_it.o(.text.HardFault_Handler) for HardFault_Handler
    startup_stm32f103xe.o(RESET) refers to stm32f1xx_it.o(.text.MemManage_Handler) for MemManage_Handler
    startup_stm32f103xe.o(RESET) refers to stm32f1xx_it.o(.text.BusFault_Handler) for BusFault_Handler
    startup_stm32f103xe.o(RESET) refers to stm32f1xx_it.o(.text.UsageFault_Handler) for UsageFault_Handler
    startup_stm32f103xe.o(RESET) refers to stm32f1xx_it.o(.text.SVC_Handler) for SVC_Handler
    startup_stm32f103xe.o(RESET) refers to stm32f1xx_it.o(.text.DebugMon_Handler) for DebugMon_Handler
    startup_stm32f103xe.o(RESET) refers to stm32f1xx_it.o(.text.PendSV_Handler) for PendSV_Handler
    startup_stm32f103xe.o(RESET) refers to stm32f1xx_it.o(.text.SysTick_Handler) for SysTick_Handler
    startup_stm32f103xe.o(RESET) refers to stm32f1xx_it.o(.text.EXTI0_IRQHandler) for EXTI0_IRQHandler
    startup_stm32f103xe.o(RESET) refers to stm32f1xx_it.o(.text.EXTI1_IRQHandler) for EXTI1_IRQHandler
    startup_stm32f103xe.o(RESET) refers to stm32f1xx_it.o(.text.EXTI2_IRQHandler) for EXTI2_IRQHandler
    startup_stm32f103xe.o(RESET) refers to stm32f1xx_it.o(.text.EXTI3_IRQHandler) for EXTI3_IRQHandler
    startup_stm32f103xe.o(RESET) refers to stm32f1xx_it.o(.text.TIM2_IRQHandler) for TIM2_IRQHandler
    startup_stm32f103xe.o(RESET) refers to stm32f1xx_it.o(.text.UART4_IRQHandler) for UART4_IRQHandler
    startup_stm32f103xe.o(.text) refers to system_stm32f1xx.o(.text.SystemInit) for SystemInit
    startup_stm32f103xe.o(.text) refers to entry.o(.ARM.Collect$$$$00000000) for __main
    main.o(.text.main) refers to stm32f1xx_hal.o(.text.HAL_Init) for HAL_Init
    main.o(.text.main) refers to stm32f1xx_hal_rcc.o(.text.HAL_RCC_OscConfig) for HAL_RCC_OscConfig
    main.o(.text.main) refers to stm32f1xx_hal_rcc.o(.text.HAL_RCC_ClockConfig) for HAL_RCC_ClockConfig
    main.o(.text.main) refers to gpio.o(.text.MX_GPIO_Init) for MX_GPIO_Init
    main.o(.text.main) refers to spi.o(.text.MX_SPI3_Init) for MX_SPI3_Init
    main.o(.text.main) refers to tim.o(.text.MX_TIM2_Init) for MX_TIM2_Init
    main.o(.text.main) refers to i2c.o(.text.MX_I2C2_Init) for MX_I2C2_Init
    main.o(.text.main) refers to usart.o(.text.MX_UART4_Init) for MX_UART4_Init
    main.o(.text.main) refers to usart.o(.text.MX_USART1_UART_Init) for MX_USART1_UART_Init
    main.o(.text.main) refers to tim.o(.bss.htim2) for htim2
    main.o(.text.main) refers to stm32f1xx_hal_tim.o(.text.HAL_TIM_Base_Start_IT) for HAL_TIM_Base_Start_IT
    main.o(.text.main) refers to sh1106oled.o(.text.sh1106_init) for sh1106_init
    main.o(.text.main) refers to sh1106oled.o(.text.clr_oled_screen) for clr_oled_screen
    main.o(.text.main) refers to wifi.o(.text.WIFI_Init) for WIFI_Init
    main.o(.text.main) refers to wifi.o(.text.Get_NPT) for Get_NPT
    main.o(.text.main) refers to puts.o(i.puts) for puts
    main.o(.text.main) refers to encoder.o(.text.Init) for Init
    main.o(.text.main) refers to encoder.o(.bss..L_MergedGlobals) for app_state
    main.o(.text.main) refers to counter.o(.text.state_counter) for state_counter
    main.o(.text.main) refers to encoder.o(.text.MENU_show) for MENU_show
    main.o(.text.main) refers to gxht31.o(.text.TEM_HUM_Process) for TEM_HUM_Process
    main.o(.text.main) refers to encoder.o(.text.Clock_Process) for Clock_Process
    main.o(.ARM.exidx.text.main) refers to main.o(.text.main) for [Anonymous Symbol]
    main.o(.text.SystemClock_Config) refers to stm32f1xx_hal_rcc.o(.text.HAL_RCC_OscConfig) for HAL_RCC_OscConfig
    main.o(.text.SystemClock_Config) refers to stm32f1xx_hal_rcc.o(.text.HAL_RCC_ClockConfig) for HAL_RCC_ClockConfig
    main.o(.ARM.exidx.text.SystemClock_Config) refers to main.o(.text.SystemClock_Config) for [Anonymous Symbol]
    main.o(.ARM.exidx.text.Error_Handler) refers to main.o(.text.Error_Handler) for [Anonymous Symbol]
    main.o(.text.fputc) refers to usart.o(.bss.huart1) for huart1
    main.o(.text.fputc) refers to stm32f1xx_hal_uart.o(.text.HAL_UART_Transmit) for HAL_UART_Transmit
    main.o(.ARM.exidx.text.fputc) refers to main.o(.text.fputc) for [Anonymous Symbol]
    main.o(.text.HAL_TIM_PeriodElapsedCallback) refers to wifi.o(.text.NPT_Increment) for NPT_Increment
    main.o(.text.HAL_TIM_PeriodElapsedCallback) refers to counter.o(.bss..L_MergedGlobals) for counter_state
    main.o(.text.HAL_TIM_PeriodElapsedCallback) refers to sh1106oled.o(.text.CLOCK_Increment) for CLOCK_Increment
[...]
    .text                                    0x080001d4   Section        0  strncpy.o(.text)
    .text                                    0x080001ec   Section        0  strlen.o(.text)
    .text                                    0x080001fc   Section        0  __0sscanf.o(.text)
    .text                                    0x08000234   Section        0  _scanf_int.o(.text)
    .text                                    0x08000380   Section        0  _scanf_str.o(.text)
    .text                                    0x08000460   Section        0  fadd.o(.text)
    .text                                    0x08000510   Section        0  fmul.o(.text)
    .text                                    0x08000574   Section        0  fdiv.o(.text)
    .text                                    0x080005f0   Section        0  fcmplt.o(.text)
    .text                                    0x0800060c   Section        0  fcmpge.o(.text)
    .text                                    0x08000628   Section        0  fflti.o(.text)
    .text                                    0x0800063a   Section        0  ffltui.o(.text)
    .text                                    0x08000644   Section        0  ffixi.o(.text)
    .text                                    0x08000676   Section        0  uidiv.o(.text)
    .text                                    0x080006a2   Section        0  uldiv.o(.text)
    .text                                    0x08000704   Section        0  _chval.o(.text)
    _scanf_char_input                        0x08000721   Thumb Code    12  scanf_char.o(.text)
    .text                                    0x08000720   Section        0  scanf_char.o(.text)
    .text                                    0x08000748   Section        0  _sgetc.o(.text)
    .text                                    0x08000788   Section        0  iusefp.o(.text)
    .text                                    0x08000788   Section        0  fepilogue.o(.text)
    .text                                    0x080007f6   Section        0  dadd.o(.text)
    .text                                    0x08000944   Section        0  dmul.o(.text)
    .text                                    0x08000a28   Section        0  ddiv.o(.text)
    .text                                    0x08000b06   Section        0  dfixul.o(.text)
    .text                                    0x08000b38   Section       48  cdrcmple.o(.text)
    .text                                    0x08000b68   Section       48  init.o(.text)
    .text                                    0x08000b98   Section        0  llshl.o(.text)
    .text                                    0x08000bb6   Section        0  llushr.o(.text)
    .text                                    0x08000bd6   Section        0  llsshr.o(.text)
    .text                                    0x08000bfa   Section        0  isspace_c.o(.text)
    .text                                    0x08000c04   Section        0  _scanf.o(.text)
    .text                                    0x08000f30   Section        0  depilogue.o(.text)
    .text                                    0x08000fec   Section        0  ctype_c.o(.text)
    [Anonymous Symbol]                       0x08001014   Section        0  stm32f1xx_it.o(.text.BusFault_Handler)
    [Anonymous Symbol]                       0x08001018   Section        0  sh1106oled.o(.text.CLOCK_Increment)
    [Anonymous Symbol]                       0x08001054   Section        0  sh1106oled.o(.text.CLOCK_Init)
    [Anonymous Symbol]                       0x08001068   Section        0  encoder.o(.text.Clock_Process)
    [Anonymous Symbol]                       0x080010f8   Section        0  counter.o(.text.Counter_Init)
    [Anonymous Symbol]                       0x0800111c   Section        0  stm32f1xx_it.o(.text.DebugMon_Handler)
    [Anonymous Symbol]                       0x08001120   Section        0  stm32f1xx_it.o(.text.EXTI0_IRQHandler)
    [Anonymous Symbol]                       0x08001128   Section        0  stm32f1xx_it.o(.text.EXTI1_IRQHandler)
    [Anonymous Symbol]                       0x08001130   Section        0  stm32f1xx_it.o(.text.EXTI2_IRQHandler)
    [Anonymous Symbol]                       0x08001138   Section        0  stm32f1xx_it.o(.text.EXTI3_IRQHandler)
    [Anonymous Symbol]                       0x08001140   Section        0  encoder.o(.text.EnterFunction)
    [Anonymous Symbol]                       0x080011d0   Section        0  main.o(.text.Error_Handler)
    [Anonymous Symbol]                       0x080011dc   Section        0  encoder.o(.text.GPIO_EXTI)
    [Anonymous Symbol]                       0x08001284   Section        0  gxht31.o(.text.GXHT31_Init)
    [Anonymous Symbol]                       0x080012a8   Section        0  gxht31.o(.text.GXHT31_Measure)
    [Anonymous Symbol]                       0x08001510   Section        0  wifi.o(.text.Get_NPT)
    [Anonymous Symbol]                       0x080018e8   Section        0  stm32f1xx_hal_dma.o(.text.HAL_DMA_Abort)
    [Anonymous Symbol]                       0x08001930   Section        0  stm32f1xx_hal_dma.o(.text.HAL_DMA_Abort_IT)
    [Anonymous Symbol]                       0x08001a60   Section        0  stm32f1xx_hal.o(.text.HAL_Delay)
    [Anonymous Symbol]                       0x08001a88   Section        0  main.o(.text.HAL_GPIO_EXTI_Callback)
    [Anonymous Symbol]                       0x08001ab8   Section        0  stm32f1xx_hal_gpio.o(.text.HAL_GPIO_EXTI_IRQHandler)
    [Anonymous Symbol]                       0x08001ad0   Section        0  stm32f1xx_hal_gpio.o(.text.HAL_GPIO_Init)
    [Anonymous Symbol]                       0x08001cb8   Section        0  stm32f1xx_hal_gpio.o(.text.HAL_GPIO_ReadPin)
    [Anonymous Symbol]                       0x08001cc4   Section        0  stm32f1xx_hal_gpio.o(.text.HAL_GPIO_WritePin)
    [Anonymous Symbol]                       0x08001cd0   Section        0  stm32f1xx_hal.o(.text.HAL_GetTick)
    [Anonymous Symbol]                       0x08001cdc   Section        0  stm32f1xx_hal_i2c.o(.text.HAL_I2C_Init)
    [Anonymous Symbol]                       0x08001e40   Section        0  stm32f1xx_hal_i2c.o(.text.HAL_I2C_Master_Receive)
    [Anonymous Symbol]                       0x08002240   Section        0  stm32f1xx_hal_i2c.o(.text.HAL_I2C_Master_Transmit)
    [Anonymous Symbol]                       0x0800241c   Section        0  i2c.o(.text.HAL_I2C_MspInit)
    [Anonymous Symbol]                       0x08002488   Section        0  stm32f1xx_hal.o(.text.HAL_IncTick)
    [Anonymous Symbol]                       0x080024a4   Section        0  stm32f1xx_hal.o(.text.HAL_Init)
    [Anonymous Symbol]                       0x080024cc   Section        0  stm32f1xx_hal.o(.text.HAL_InitTick)
    [Anonymous Symbol]                       0x08002514   Section        0  stm32f1xx_hal_msp.o(.text.HAL_MspInit)
    [Anonymous Symbol]                       0x08002558   Section        0  stm32f1xx_hal_cortex.o(.text.HAL_NVIC_EnableIRQ)
    [Anonymous Symbol]                       0x0800257c   Section        0  stm32f1xx_hal_cortex.o(.text.HAL_NVIC_SetPriority)
    [Anonymous Symbol]                       0x080025d4   Section        0  stm32f1xx_hal_cortex.o(.text.HAL_NVIC_SetPriorityGrouping)
    [Anonymous Symbol]                       0x080025f4   Section        0  stm32f1xx_hal_rcc.o(.text.HAL_RCC_ClockConfig)
    [Anonymous Symbol]                       0x080027b0   Section        0  stm32f1xx_hal_rcc.o(.text.HAL_RCC_GetPCLK1Freq)
    [Anonymous Symbol]                       0x080027d8   Section        0  stm32f1xx_hal_rcc.o(.text.HAL_RCC_GetPCLK2Freq)
    [Anonymous Symbol]                       0x08002800   Section        0  stm32f1xx_hal_rcc.o(.text.HAL_RCC_OscConfig)
    [Anonymous Symbol]                       0x08002c00   Section        0  stm32f1xx_hal_spi.o(.text.HAL_SPI_Init)
    [Anonymous Symbol]                       0x08002ca8   Section        0  spi.o(.text.HAL_SPI_MspInit)
    [Anonymous Symbol]                       0x08002d14   Section        0  stm32f1xx_hal_spi.o(.text.HAL_SPI_Transmit)
    [Anonymous Symbol]                       0x08002f10   Section        0  stm32f1xx_hal_cortex.o(.text.HAL_SYSTICK_Config)
    [Anonymous Symbol]                       0x08002f3c   Section        0  stm32f1xx_hal_tim_ex.o(.text.HAL_TIMEx_BreakCallback)
    [Anonymous Symbol]                       0x08002f40   Section        0  stm32f1xx_hal_tim_ex.o(.text.HAL_TIMEx_CommutCallback)
    [Anonymous Symbol]                       0x08002f44   Section        0  stm32f1xx_hal_tim_ex.o(.text.HAL_TIMEx_MasterConfigSynchronization)
    [Anonymous Symbol]                       0x08002fdc   Section        0  stm32f1xx_hal_tim.o(.text.HAL_TIM_Base_Init)
    [Anonymous Symbol]                       0x08003038   Section        0  tim.o(.text.HAL_TIM_Base_MspInit)
    [Anonymous Symbol]                       0x08003078   Section        0  stm32f1xx_hal_tim.o(.text.HAL_TIM_Base_Start_IT)
    [Anonymous Symbol]                       0x08003100   Section        0  stm32f1xx_hal_tim.o(.text.HAL_TIM_ConfigClockSource)
    [Anonymous Symbol]                       0x080032a0   Section        0  stm32f1xx_hal_tim.o(.text.HAL_TIM_IC_CaptureCallback)
    [Anonymous Symbol]                       0x080032a4   Section        0  stm32f1xx_hal_tim.o(.text.HAL_TIM_IRQHandler)
    [Anonymous Symbol]                       0x080033f4   Section        0  stm32f1xx_hal_tim.o(.text.HAL_TIM_OC_DelayElapsedCallback)
    [Anonymous Symbol]                       0x080033f8   Section        0  stm32f1xx_hal_tim.o(.text.HAL_TIM_PWM_PulseFinishedCallback)
    [Anonymous Symbol]                       0x080033fc   Section        0  main.o(.text.HAL_TIM_PeriodElapsedCallback)
    [Anonymous Symbol]                       0x08003424   Section        0  stm32f1xx_hal_tim.o(.text.HAL_TIM_TriggerCallback)
    [Anonymous Symbol]                       0x08003428   Section        0  stm32f1xx_hal_uart.o(.text.HAL_UARTEx_RxEventCallback)
    [Anonymous Symbol]                       0x0800342c   Section        0  stm32f1xx_hal_uart.o(.text.HAL_UART_ErrorCallback)
    [Anonymous Symbol]                       0x08003430   Section        0  stm32f1xx_hal_uart.o(.text.HAL_UART_IRQHandler)
    [Anonymous Symbol]                       0x080039a0   Section        0  stm32f1xx_hal_uart.o(.text.HAL_UART_Init)
    [Anonymous Symbol]                       0x08003a84   Section        0  usart.o(.text.HAL_UART_MspInit)
    [Anonymous Symbol]                       0x08003b88   Section        0  stm32f1xx_hal_uart.o(.text.HAL_UART_Receive_IT)
    [Anonymous Symbol]                       0x08003bdc   Section        0  main.o(.text.HAL_UART_RxCpltCallback)
    [Anonymous Symbol]                       0x08003bf0   Section        0  stm32f1xx_hal_uart.o(.text.HAL_UART_Transmit)
    [Anonymous Symbol]                       0x08003d84   Section        0  stm32f1xx_hal_uart.o(.text.HAL_UART_TxCpltCallback)
    [Anonymous Symbol]                       0x08003d88   Section        0  stm32f1xx_it.o(.text.HardFault_Handler)
    I2C_WaitOnBTFFlagUntilTimeout            0x08003d8d   Thumb Code   186  stm32f1xx_hal_i2c.o(.text.I2C_WaitOnBTFFlagUntilTimeout)
    [Anonymous Symbol]                       0x08003d8c   Section        0  stm32f1xx_hal_i2c.o(.text.I2C_WaitOnBTFFlagUntilTimeout)
    I2C_WaitOnFlagUntilTimeout               0x08003e49   Thumb Code   458  stm32f1xx_hal_i2c.o(.text.I2C_WaitOnFlagUntilTimeout)
    [Anonymous Symbol]                       0x08003e48   Section        0  stm32f1xx_hal_i2c.o(.text.I2C_WaitOnFlagUntilTimeout)
    I2C_WaitOnMasterAddressFlagUntilTimeout  0x08004015   Thumb Code   214  stm32f1xx_hal_i2c.o(.text.I2C_WaitOnMasterAddressFlagUntilTimeout)
    [Anonymous Symbol]                       0x08004014   Section        0  stm32f1xx_hal_i2c.o(.text.I2C_WaitOnMasterAddressFlagUntilTimeout)
    I2C_WaitOnRXNEFlagUntilTimeout           0x080040ed   Thumb Code   144  stm32f1xx_hal_i2c.o(.text.I2C_WaitOnRXNEFlagUntilTimeout)
    [Anonymous Symbol]                       0x080040ec   Section        0  stm32f1xx_hal_i2c.o(.text.I2C_WaitOnRXNEFlagUntilTimeout)
    I2C_WaitOnTXEFlagUntilTimeout            0x0800417d   Thumb Code   186  stm32f1xx_hal_i2c.o(.text.I2C_WaitOnTXEFlagUntilTimeout)
    [Anonymous Symbol]                       0x0800417c   Section        0  stm32f1xx_hal_i2c.o(.text.I2C_WaitOnTXEFlagUntilTimeout)
    [Anonymous Symbol]                       0x08004238   Section        0  encoder.o(.text.Init)
    [Anonymous Symbol]                       0x08004258   Section        0  encoder.o(.text.MENU_show)
    [Anonymous Symbol]                       0x08004308   Section        0  gpio.o(.text.MX_GPIO_Init)
    [Anonymous Symbol]                       0x08004428   Section        0  i2c.o(.text.MX_I2C2_Init)
    [Anonymous Symbol]                       0x0800446c   Section        0  spi.o(.text.MX_SPI3_Init)
    [Anonymous Symbol]                       0x080044b8   Section        0  tim.o(.text.MX_TIM2_Init)
    [Anonymous Symbol]                       0x0800452c   Section        0  usart.o(.text.MX_UART4_Init)
    [Anonymous Symbol]                       0x08004568   Section        0  usart.o(.text.MX_USART1_UART_Init)
    [Anonymous Symbol]                       0x080045a4   Section        0  stm32f1xx_it.o(.text.MemManage_Handler)
    [Anonymous Symbol]                       0x080045a8   Section        0  stm32f1xx_it.o(.text.NMI_Handler)
    [Anonymous Symbol]                       0x080045ac   Section        0  wifi.o(.text.NPT_Increment)
    [Anonymous Symbol]                       0x080045e8   Section        0  sh1106oled.o(.text.OLED_ShowNum)
    [Anonymous Symbol]                       0x080048f0   Section        0  sh1106oled.o(.text.OLED_ShowTEM_HUM)
    [Anonymous Symbol]                       0x08004bec   Section        0  sh1106oled.o(.text.OLED_ShowTime)
    [Anonymous Symbol]                       0x08005690   Section        0  stm32f1xx_it.o(.text.PendSV_Handler)
    SPI_WaitFlagStateUntilTimeout            0x08005695   Thumb Code   288  stm32f1xx_hal_spi.o(.text.SPI_WaitFlagStateUntilTimeout)
    [Anonymous Symbol]                       0x08005694   Section        0  stm32f1xx_hal_spi.o(.text.SPI_WaitFlagStateUntilTimeout)
    [Anonymous Symbol]                       0x080057b4   Section        0  stm32f1xx_it.o(.text.SVC_Handler)
    [Anonymous Symbol]                       0x080057b8   Section        0  encoder.o(.text.Show)
    [Anonymous Symbol]                       0x0800582c   Section        0  sh1106oled.o(.text.Show_year_mouth_day)
    [Anonymous Symbol]                       0x08005f60   Section        0  stm32f1xx_it.o(.text.SysTick_Handler)
    [Anonymous Symbol]                       0x08005f64   Section        0  system_stm32f1xx.o(.text.SystemInit)
    [Anonymous Symbol]                       0x08005f68   Section        0  gxht31.o(.text.TEM_HUM_Process)
    [Anonymous Symbol]                       0x08005fa8   Section        0  stm32f1xx_it.o(.text.TIM2_IRQHandler)
    [Anonymous Symbol]                       0x08005fb4   Section        0  stm32f1xx_hal_tim.o(.text.TIM_Base_SetConfig)
    [Anonymous Symbol]                       0x08006094   Section        0  stm32f1xx_it.o(.text.UART4_IRQHandler)
    UART_DMAAbortOnError                     0x080060a1   Thumb Code    12  stm32f1xx_hal_uart.o(.text.UART_DMAAbortOnError)
    [Anonymous Symbol]                       0x080060a0   Section        0  stm32f1xx_hal_uart.o(.text.UART_DMAAbortOnError)
    UART_Receive_IT                          0x080060ad   Thumb Code   254  stm32f1xx_hal_uart.o(.text.UART_Receive_IT)
    [Anonymous Symbol]                       0x080060ac   Section        0  stm32f1xx_hal_uart.o(.text.UART_Receive_IT)
    [Anonymous Symbol]                       0x080061ac   Section        0  stm32f1xx_it.o(.text.UsageFault_Handler)
    [Anonymous Symbol]                       0x080061b0   Section        0  encoder.o(.text.User_EXTI_Callback)
    [Anonymous Symbol]                       0x080061b4   Section        0  wifi.o(.text.WIFI_Callback)
    [Anonymous Symbol]                       0x080061ec   Section        0  wifi.o(.text.WIFI_Init)
    WIFI_SendReceive_cmd                     0x0800628d   Thumb Code   146  wifi.o(.text.WIFI_SendReceive_cmd)
    [Anonymous Symbol]                       0x0800628c   Section        0  wifi.o(.text.WIFI_SendReceive_cmd)
    [Anonymous Symbol]                       0x08006320   Section        0  sh1106oled.o(.text.clr_oled_screen)
    [Anonymous Symbol]                       0x080063f0   Section        0  main.o(.text.fputc)
    [Anonymous Symbol]                       0x08006410   Section        0  main.o(.text.main)
    [Anonymous Symbol]                       0x08006544   Section        0  sh1106oled.o(.text.sh1106_draw_bitmap)
    [Anonymous Symbol]                       0x080066e8   Section        0  sh1106oled.o(.text.sh1106_fill_rect)
    [Anonymous Symbol]                       0x080069ec   Section        0  sh1106oled.o(.text.sh1106_init)
    [Anonymous Symbol]                       0x08006d84   Section        0  sh1106oled.o(.text.sh1106_refresh_gram)
    [Anonymous Symbol]                       0x08006e50   Section        0  counter.o(.text.state_counter)
    [Anonymous Symbol]                       0x08006ecc   Section        0  sh1106oled.o(.text.value_show)
    i.__0printf                              0x080075c4   Section        0  printfa.o(i.__0printf)
    i.__scatterload_copy                     0x080075e4   Section       14  handlers.o(i.__scatterload_copy)
    i.__scatterload_null                     0x080075f2   Section        2  handlers.o(i.__scatterload_null)
    i.__scatterload_zeroinit                 0x080075f4   Section       14  handlers.o(i.__scatterload_zeroinit)
    _fp_digits                               0x08007605   Thumb Code   366  printfa.o(i._fp_digits)
    i._fp_digits                             0x08007604   Section        0  printfa.o(i._fp_digits)
    _printf_core                             0x08007789   Thumb Code  1744  printfa.o(i._printf_core)
    i._printf_core                           0x08007788   Section        0  printfa.o(i._printf_core)
    _printf_post_padding                     0x08007e65   Thumb Code    36  printfa.o(i._printf_post_padding)
    i._printf_post_padding                   0x08007e64   Section        0  printfa.o(i._printf_post_padding)
    _printf_pre_padding                      0x08007e89   Thumb Code    46  printfa.o(i._printf_pre_padding)
    i._printf_pre_padding                    0x08007e88   Section        0  printfa.o(i._printf_pre_padding)
    i.puts                                   0x08007eb8   Section        0  puts.o(i.puts)
    .constdata                               0x08007edc   Section       64  ctype_c.o(.constdata)
    HAL_RCC_GetSysClockFreq.aPredivFactorTable 0x08007f34   Data           2  stm32f1xx_hal_rcc.o(.rodata.HAL_RCC_GetSysClockFreq.aPredivFactorTable)
    [Anonymous Symbol]                       0x08007f34   Section        0  stm32f1xx_hal_rcc.o(.rodata.HAL_RCC_GetSysClockFreq.aPredivFactorTable)
    HAL_RCC_GetSysClockFreq.aPLLMULFactorTable 0x080085a6   Data          16  stm32f1xx_hal_rcc.o(.rodata.cst16)
    [Anonymous Symbol]                       0x080085a6   Section        0  stm32f1xx_hal_rcc.o(.rodata.cst16)
    .L.str.4                                 0x08008a82   Data         135  wifi.o(.rodata.str1.1)
    [Anonymous Symbol]                       0x08008a82   Section        0  wifi.o(.rodata.str1.1)
    .L.str.5                                 0x08008b09   Data          68  wifi.o(.rodata.str1.1)
    .L.str.8                                 0x08008bf3   Data         174  wifi.o(.rodata.str1.1)
    .L.str.7                                 0x08008bfb   Data          84  wifi.o(.rodata.str1.1)
    .L.str.6                                 0x08008c4f   Data          82  wifi.o(.rodata.str1.1)
    .L.str.10                                0x08008ca1   Data          18  wifi.o(.rodata.str1.1)
    .L.str.15                                0x08008cb3   Data          16  wifi.o(.rodata.str1.1)
    .L.str.18                                0x08008cc3   Data          37  wifi.o(.rodata.str1.1)
    .L.str.20                                0x08008ce8   Data          31  wifi.o(.rodata.str1.1)
    .L.str.19                                0x08008d07   Data          31  wifi.o(.rodata.str1.1)
    .L.str.11                                0x08008d26   Data          11  wifi.o(.rodata.str1.1)
    .L.str.12                                0x08008d31   Data          14  wifi.o(.rodata.str1.1)
    .Lstr.42                                 0x08008d3f   Data           3  wifi.o(.rodata.str1.1)
    .data                                    0x20000000   Section        4  stdout.o(.data)
    .L_MergedGlobals                         0x20000004   Data           8  stm32f1xx_hal.o(.data..L_MergedGlobals)
    [Anonymous Symbol]                       0x20000004   Section        0  stm32f1xx_hal.o(.data..L_MergedGlobals)
    .L_MergedGlobals                         0x20000010   Data          12  encoder.o(.bss..L_MergedGlobals)
    [Anonymous Symbol]                       0x20000010   Section        0  encoder.o(.bss..L_MergedGlobals)
    count                                    0x20000012   Data           1  encoder.o(.bss..L_MergedGlobals)
    is_ccw_start                             0x20000013   Data           1  encoder.o(.bss..L_MergedGlobals)
    is_ccw_end                               0x20000014   Data           1  encoder.o(.bss..L_MergedGlobals)
    is_cw_start                              0x20000015   Data           1  encoder.o(.bss..L_MergedGlobals)
    is_cw_end                                0x20000016   Data           1  encoder.o(.bss..L_MergedGlobals)
    key_pressed                              0x20000017   Data           1  encoder.o(.bss..L_MergedGlobals)
    key_press_time                           0x20000018   Data           4  encoder.o(.bss..L_MergedGlobals)
    .L_MergedGlobals                         0x2000001c   Data          12  gxht31.o(.bss..L_MergedGlobals)
    gxht31_temperature                       0x2000001c   Data           4  gxht31.o(.bss..L_MergedGlobals)
    [Anonymous Symbol]                       0x2000001c   Section        0  gxht31.o(.bss..L_MergedGlobals)
    gxht31_humidity                          0x20000020   Data           4  gxht31.o(.bss..L_MergedGlobals)
    TEM_HUM_Process.last_display_tick        0x20000024   Data           4  gxht31.o(.bss..L_MergedGlobals)
    .L_MergedGlobals                         0x20000028   Data           4  sh1106oled.o(.bss..L_MergedGlobals)
    [Anonymous Symbol]                       0x20000028   Section        0  sh1106oled.o(.bss..L_MergedGlobals)
    .L_MergedGlobals                         0x2000002c   Data          12  wifi.o(.bss..L_MergedGlobals)
    [Anonymous Symbol]                       0x2000002c   Section        0  wifi.o(.bss..L_MergedGlobals)
    rx_part                                  0x20000034   Data           1  wifi.o(.bss..L_MergedGlobals)
    is_ready                                 0x20000035   Data           1  wifi.o(.bss..L_MergedGlobals)
    .L_MergedGlobals                         0x20000038   Data           3  counter.o(.bss..L_MergedGlobals)
    [Anonymous Symbol]                       0x20000038   Section        0  counter.o(.bss..L_MergedGlobals)
    rx                                       0x200001c0   Data         256  wifi.o(.bss.rx)
    [Anonymous Symbol]                       0x200001c0   Section        0  wifi.o(.bss.rx)
    STACK                                    0x200006c8   Section     1024  startup_stm32f103xe.o(STACK)

    Global Symbols

    Symbol Name                              Value     Ov Type        Size  Object(Section)

    BuildAttributes$$THM_ISAv4$P$D$K$B$S$PE$A:L22UL41UL21$X:L11$S22US41US21$IEEE1$IW$~IW$USESV6$~STKCKD$USESV7$~SHL$OTIME$ROPI$EBA8$MICROLIB$REQ8$PRES8$EABIv2 0x00000000   Number         0  anon$$obj.o ABSOLUTE
    _printf_a                                0x00000000   Number         0  printfstubs.o ABSOLUTE
    _printf_c                                0x00000000   Number         0  printfstubs.o ABSOLUTE
    _printf_charcount                        0x00000000   Number         0  printfstubs.o ABSOLUTE
    _printf_d                                0x00000000   Number         0  printfstubs.o ABSOLUTE
    _printf_e                                0x00000000   Number         0  printfstubs.o ABSOLUTE
    _printf_f                                0x00000000   Number         0  printfstubs.o ABSOLUTE
    _printf_flags                            0x00000000   Number         0  printfstubs.o ABSOLUTE
    _printf_fp_dec                           0x00000000   Number         0  printfstubs.o ABSOLUTE
    _printf_fp_hex                           0x00000000   Number         0  printfstubs.o ABSOLUTE
    _printf_g                                0x00000000   Number         0  printfstubs.o ABSOLUTE
    _printf_i                                0x00000000   Number         0  printfstubs.o ABSOLUTE
    _printf_int_dec                          0x00000000   Number         0  printfstubs.o ABSOLUTE
    _printf_l                                0x00000000   Number         0  printfstubs.o ABSOLUTE
    _printf_lc                               0x00000000   Number         0  printfstubs.o ABSOLUTE
    _printf_ll                               0x00000000   Number         0  printfstubs.o ABSOLUTE
    _printf_lld                              0x00000000   Number         0  printfstubs.o ABSOLUTE
    _printf_lli                              0x00000000   Number         0  printfstubs.o ABSOLUTE
    _printf_llo                              0x00000000   Number         0  printfstubs.o ABSOLUTE
    _printf_llu                              0x00000000   Number         0  printfstubs.o ABSOLUTE
    _printf_llx                              0x00000000   Number         0  printfstubs.o ABSOLUTE
    _printf_longlong_dec                     0x00000000   Number         0  printfstubs.o ABSOLUTE
    _printf_longlong_hex                     0x00000000   Number         0  printfstubs.o ABSOLUTE
    _printf_longlong_oct                     0x00000000   Number         0  printfstubs.o ABSOLUTE
    _printf_ls                               0x00000000   Number         0  printfstubs.o ABSOLUTE
    _printf_mbtowc                           0x00000000   Number         0  printfstubs.o ABSOLUTE
    _printf_n                                0x00000000   Number         0  printfstubs.o ABSOLUTE
    _printf_o                                0x00000000   Number         0  printfstubs.o ABSOLUTE
    _printf_p                                0x00000000   Number         0  printfstubs.o ABSOLUTE
    _printf_percent                          0x00000000   Number         0  printfstubs.o ABSOLUTE
    _printf_pre_padding                      0x00000000   Number         0  printfstubs.o ABSOLUTE
    _printf_return_value                     0x00000000   Number         0  printfstubs.o ABSOLUTE
    _printf_s                                0x00000000   Number         0  printfstubs.o ABSOLUTE
    _printf_sizespec                         0x00000000   Number         0  printfstubs.o ABSOLUTE
    _printf_str                              0x00000000   Number         0  printfstubs.o ABSOLUTE
    _printf_truncate_signed                  0x00000000   Number         0  printfstubs.o ABSOLUTE
    _printf_truncate_unsigned                0x00000000   Number         0  printfstubs.o ABSOLUTE
    _printf_u                                0x00000000   Number         0  printfstubs.o ABSOLUTE
    _printf_wc                               0x00000000   Number         0  printfstubs.o ABSOLUTE
    _printf_wctomb                           0x00000000   Number         0  printfstubs.o ABSOLUTE
    _printf_widthprec                        0x00000000   Number         0  printfstubs.o ABSOLUTE
    _printf_x                                0x00000000   Number         0  printfstubs.o ABSOLUTE
    __cpp_initialize__aeabi_                  - Undefined Weak Reference
    __cxa_finalize                            - Undefined Weak Reference
    __decompress                              - Undefined Weak Reference
    _clock_init                               - Undefined Weak Reference
    _microlib_exit                            - Undefined Weak Reference
    _scanf_longlong                           - Undefined Weak Reference
    _scanf_real                               - Undefined Weak Reference
    __Vectors_Size                           0x00000130   Number         0  startup_stm32f103xe.o ABSOLUTE
    __Vectors                                0x08000000   Data           4  startup_stm32f103xe.o(RESET)
    __Vectors_End                            0x08000130   Data           0  startup_stm32f103xe.o(RESET)
    __main                                   0x08000131   Thumb Code     0  entry.o(.ARM.Collect$$$$00000000)
    _main_stk                                0x08000131   Thumb Code     0  entry2.o(.ARM.Collect$$$$00000001)
    _main_scatterload                        0x08000135   Thumb Code     0  entry5.o(.ARM.Collect$$$$00000004)
    __main_after_scatterload                 0x08000139   Thumb Code     0  entry5.o(.ARM.Collect$$$$00000004)
    _main_clock                              0x08000139   Thumb Code     0  entry7b.o(.ARM.Collect$$$$00000008)
    _main_cpp_init                           0x08000139   Thumb Code     0  entry8b.o(.ARM.Collect$$$$0000000A)
    _main_init                               0x08000139   Thumb Code     0  entry9a.o(.ARM.Collect$$$$0000000B)
    __rt_final_cpp                           0x08000141   Thumb Code     0  entry10a.o(.ARM.Collect$$$$0000000D)
    __rt_final_exit                          0x08000141   Thumb Code     0  entry11a.o(.ARM.Collect$$$$0000000F)
    Reset_Handler                            0x08000145   Thumb Code     8  startup_stm32f103xe.o(.text)
    ADC1_2_IRQHandler                        0x0800015f   Thumb Code     0  startup_stm32f103xe.o(.text)
    ADC3_IRQHandler                          0x0800015f   Thumb Code     0  startup_stm32f103xe.o(.text)
    CAN1_RX1_IRQHandler                      0x0800015f   Thumb Code     0  startup_stm32f103xe.o(.text)
    CAN1_SCE_IRQHandler                      0x0800015f   Thumb Code     0  startup_stm32f103xe.o(.text)
    DMA1_Channel1_IRQHandler                 0x0800015f   Thumb Code     0  startup_stm32f103xe.o(.text)
    DMA1_Channel2_IRQHandler                 0x0800015f   Thumb Code     0  startup_stm32f103xe.o(.text)
    DMA1_Channel3_IRQHandler                 0x0800015f   Thumb Code     0  startup_stm32f103xe.o(.text)
    DMA1_Channel4_IRQHandler                 0x0800015f   Thumb Code     0  startup_stm32f103xe.o(.text)
    DMA1_Channel5_IRQHandler                 0x0800015f   Thumb Code     0  startup_stm32f103xe.o(.text)
    DMA1_Channel6_IRQHandler                 0x0800015f   Thumb Code     0  startup_stm32f103xe.o(.text)
    DMA1_Channel7_IRQHandler                 0x0800015f   Thumb Code     0  startup_stm32f103xe.o(.text)
    DMA2_Channel1_IRQHandler                 0x0800015f   Thumb Code     0  startup_stm32f103xe.o(.text)
    DMA2_Channel2_IRQHandler                 0x0800015f   Thumb Code     0  startup_stm32f103xe.o(.text)
    DMA2_Channel3_IRQHandler                 0x0800015f   Thumb Code     0  startup_stm32f103xe.o(.text)
    DMA2_Channel4_5_IRQHandler               0x0800015f   Thumb Code     0  startup_stm32f103xe.o(.text)
    EXTI15_10_IRQHandler                     0x0800015f   Thumb Code     0  startup_stm32f103xe.o(.text)
    EXTI4_IRQHandler                         0x0800015f   Thumb Code     0  startup_stm32f103xe.o(.text)
    EXTI9_5_IRQHandler                       0x0800015f   Thumb Code     0  startup_stm32f103xe.o(.text)
    FLASH_IRQHandler                         0x0800015f   Thumb Code     0  startup_stm32f103xe.o(.text)
    FSMC_IRQHandler                          0x0800015f   Thumb Code     0  startup_stm32f103xe.o(.text)
    I2C1_ER_IRQHandler                       0x0800015f   Thumb Code     0  startup_stm32f103xe.o(.text)
    I2C1_EV_IRQHandler                       0x0800015f   Thumb Code     0  startup_stm32f103xe.o(.text)
    I2C2_ER_IRQHandler                       0x0800015f   Thumb Code     0  startup_stm32f103xe.o(.text)
    I2C2_EV_IRQHandler                       0x0800015f   Thumb Code     0  startup_stm32f103xe.o(.text)
    PVD_IRQHandler                           0x0800015f   Thumb Code     0  startup_stm32f103xe.o(.text)
    RCC_IRQHandler                           0x0800015f   Thumb Code     0  startup_stm32f103xe.o(.text)
    RTC_Alarm_IRQHandler                     0x0800015f   Thumb Code     0  startup_stm32f103xe.o(.text)
    RTC_IRQHandler                           0x0800015f   Thumb Code     0  startup_stm32f103xe.o(.text)
    SDIO_IRQHandler                          0x0800015f   Thumb Code     0  startup_stm32f103xe.o(.text)
    SPI1_IRQHandler                          0x0800015f   Thumb Code     0  startup_stm32f103xe.o(.text)
    SPI2_IRQHandler                          0x0800015f   Thumb Code     0  startup_stm32f103xe.o(.text)
    SPI3_IRQHandler                          0x0800015f   Thumb Code     0  startup_stm32f103xe.o(.text)
    TAMPER_IRQHandler                        0x0800015f   Thumb Code     0  startup_stm32f103xe.o(.text)
    TIM1_BRK_IRQHandler                      0x0800015f   Thumb Code     0  startup_stm32f103xe.o(.text)
    TIM1_CC_IRQHandler                       0x0800015f   Thumb Code     0  startup_stm32f103xe.o(.text)
    TIM1_TRG_COM_IRQHandler                  0x0800015f   Thumb Code     0  startup_stm32f103xe.o(.text)
    TIM1_UP_IRQHandler                       0x0800015f   Thumb Code     0  startup_stm32f103xe.o(.text)
    TIM3_IRQHandler                          0x0800015f   Thumb Code     0  startup_stm32f103xe.o(.text)
    TIM4_IRQHandler                          0x0800015f   Thumb Code     0  startup_stm32f103xe.o(.text)
    TIM5_IRQHandler                          0x0800015f   Thumb Code     0  startup_stm32f103xe.o(.text)
    TIM6_IRQHandler                          0x0800015f   Thumb Code     0  startup_stm32f103xe.o(.text)
    TIM7_IRQHandler                          0x0800015f   Thumb Code     0  startup_stm32f103xe.o(.text)
    TIM8_BRK_IRQHandler                      0x0800015f   Thumb Code     0  startup_stm32f103xe.o(.text)
    TIM8_CC_IRQHandler                       0x0800015f   Thumb Code     0  startup_stm32f103xe.o(.text)
    TIM8_TRG_COM_IRQHandler                  0x0800015f   Thumb Code     0  startup_stm32f103xe.o(.text)
    TIM8_UP_IRQHandler                       0x0800015f   Thumb Code     0  startup_stm32f103xe.o(.text)
    UART5_IRQHandler                         0x0800015f   Thumb Code     0  startup_stm32f103xe.o(.text)
    USART1_IRQHandler                        0x0800015f   Thumb Code     0  startup_stm32f103xe.o(.text)
    USART2_IRQHandler                        0x0800015f   Thumb Code     0  startup_stm32f103xe.o(.text)
    USART3_IRQHandler                        0x0800015f   Thumb Code     0  startup_stm32f103xe.o(.text)
    USBWakeUp_IRQHandler                     0x0800015f   Thumb Code     0  startup_stm32f103xe.o(.text)
    USB_HP_CAN1_TX_IRQHandler                0x0800015f   Thumb Code     0  startup_stm32f103xe.o(.text)
    USB_LP_CAN1_RX0_IRQHandler               0x0800015f   Thumb Code     0  startup_stm32f103xe.o(.text)
    WWDG_IRQHandler                          0x0800015f   Thumb Code     0  startup_stm32f103xe.o(.text)
    __aeabi_memcpy                           0x08000169   Thumb Code    36  memcpya.o(.text)
    __aeabi_memcpy4                          0x08000169   Thumb Code     0  memcpya.o(.text)
    __aeabi_memcpy8                          0x08000169   Thumb Code     0  memcpya.o(.text)
    __aeabi_memset                           0x0800018d   Thumb Code    14  memseta.o(.text)
    __aeabi_memset4                          0x0800018d   Thumb Code     0  memseta.o(.text)
    __aeabi_memset8                          0x0800018d   Thumb Code     0  memseta.o(.text)
    __aeabi_memclr                           0x0800019b   Thumb Code     4  memseta.o(.text)
    __aeabi_memclr4                          0x0800019b   Thumb Code     0  memseta.o(.text)
    __aeabi_memclr8                          0x0800019b   Thumb Code     0  memseta.o(.text)
    _memset$wrapper                          0x0800019f   Thumb Code    18  memseta.o(.text)
    strstr                                   0x080001b1   Thumb Code    36  strstr.o(.text)
    strncpy                                  0x080001d5   Thumb Code    24  strncpy.o(.text)
    strlen                                   0x080001ed   Thumb Code    14  strlen.o(.text)
    __0sscanf                                0x080001fd   Thumb Code    48  __0sscanf.o(.text)
    _scanf_int                               0x08000235   Thumb Code   332  _scanf_int.o(.text)
    _scanf_string                            0x08000381   Thumb Code   224  _scanf_str.o(.text)
    __aeabi_fadd                             0x08000461   Thumb Code   164  fadd.o(.text)
    __aeabi_fsub                             0x08000505   Thumb Code     6  fadd.o(.text)
    __aeabi_frsub                            0x0800050b   Thumb Code     6  fadd.o(.text)
    __aeabi_fmul                             0x08000511   Thumb Code   100  fmul.o(.text)
    __aeabi_fdiv                             0x08000575   Thumb Code   124  fdiv.o(.text)
    __aeabi_fcmplt                           0x080005f1   Thumb Code    28  fcmplt.o(.text)
    __aeabi_fcmpge                           0x0800060d   Thumb Code    28  fcmpge.o(.text)
    __aeabi_i2f                              0x08000629   Thumb Code    18  fflti.o(.text)
    __aeabi_ui2f                             0x0800063b   Thumb Code    10  ffltui.o(.text)
    __aeabi_f2iz                             0x08000645   Thumb Code    50  ffixi.o(.text)
    __aeabi_uidiv                            0x08000677   Thumb Code     0  uidiv.o(.text)
    __aeabi_uidivmod                         0x08000677   Thumb Code    44  uidiv.o(.text)
    __aeabi_uldivmod                         0x080006a3   Thumb Code    98  uldiv.o(.text)
    _chval                                   0x08000705   Thumb Code    28  _chval.o(.text)
    __vfscanf_char                           0x0800072d   Thumb Code    20  scanf_char.o(.text)
    _sgetc                                   0x08000749   Thumb Code    30  _sgetc.o(.text)
    _sbackspace                              0x08000767   Thumb Code    34  _sgetc.o(.text)
    __I$use$fp                               0x08000789   Thumb Code     0  iusefp.o(.text)
    _float_round                             0x08000789   Thumb Code    18  fepilogue.o(.text)
    _float_epilogue                          0x0800079b   Thumb Code    92  fepilogue.o(.text)
    __aeabi_dadd                             0x080007f7   Thumb Code   322  dadd.o(.text)
    __aeabi_dsub                             0x08000939   Thumb Code     6  dadd.o(.text)
    __aeabi_drsub                            0x0800093f   Thumb Code     6  dadd.o(.text)
    __aeabi_dmul                             0x08000945   Thumb Code   228  dmul.o(.text)
    __aeabi_ddiv                             0x08000a29   Thumb Code   222  ddiv.o(.text)
    __aeabi_d2ulz                            0x08000b07   Thumb Code    48  dfixul.o(.text)
    __aeabi_cdrcmple                         0x08000b39   Thumb Code    48  cdrcmple.o(.text)
    __scatterload                            0x08000b69   Thumb Code    38  init.o(.text)
    __scatterload_rt2                        0x08000b69   Thumb Code     0  init.o(.text)
    __aeabi_llsl                             0x08000b99   Thumb Code    30  llshl.o(.text)
    _ll_shift_l                              0x08000b99   Thumb Code     0  llshl.o(.text)
    __aeabi_llsr                             0x08000bb7   Thumb Code    32  llushr.o(.text)
    _ll_ushift_r                             0x08000bb7   Thumb Code     0  llushr.o(.text)
    __aeabi_lasr                             0x08000bd7   Thumb Code    36  llsshr.o(.text)
    _ll_sshift_r                             0x08000bd7   Thumb Code     0  llsshr.o(.text)
    isspace                                  0x08000bfb   Thumb Code    10  isspace_c.o(.text)
    __vfscanf                                0x08000c05   Thumb Code   808  _scanf.o(.text)
    _double_round                            0x08000f31   Thumb Code    30  depilogue.o(.text)
    _double_epilogue                         0x08000f4f   Thumb Code   156  depilogue.o(.text)
    __ctype_lookup                           0x08000fed   Thumb Code    34  ctype_c.o(.text)
    BusFault_Handler                         0x08001015   Thumb Code     2  stm32f1xx_it.o(.text.BusFault_Handler)
    CLOCK_Increment                          0x08001019   Thumb Code    60  sh1106oled.o(.text.CLOCK_Increment)
    CLOCK_Init                               0x08001055   Thumb Code    20  sh1106oled.o(.text.CLOCK_Init)
    Clock_Process                            0x08001069   Thumb Code   142  encoder.o(.text.Clock_Process)
    Counter_Init                             0x080010f9   Thumb Code    36  counter.o(.text.Counter_Init)
    DebugMon_Handler                         0x0800111d   Thumb Code     2  stm32f1xx_it.o(.text.DebugMon_Handler)
    EXTI0_IRQHandler                         0x08001121   Thumb Code     6  stm32f1xx_it.o(.text.EXTI0_IRQHandler)
    EXTI1_IRQHandler                         0x08001129   Thumb Code     6  stm32f1xx_it.o(.text.EXTI1_IRQHandler)
    EXTI2_IRQHandler                         0x08001131   Thumb Code     6  stm32f1xx_it.o(.text.EXTI2_IRQHandler)
    EXTI3_IRQHandler                         0x08001139   Thumb Code     6  stm32f1xx_it.o(.text.EXTI3_IRQHandler)
    EnterFunction                            0x08001141   Thumb Code   142  encoder.o(.text.EnterFunction)
    Error_Handler                            0x080011d1   Thumb Code    10  main.o(.text.Error_Handler)
    GPIO_EXTI                                0x080011dd   Thumb Code   166  encoder.o(.text.GPIO_EXTI)
    GXHT31_Init                              0x08001285   Thumb Code    36  gxht31.o(.text.GXHT31_Init)
    GXHT31_Measure                           0x080012a9   Thumb Code   616  gxht31.o(.text.GXHT31_Measure)
    Get_NPT                                  0x08001511   Thumb Code   852  wifi.o(.text.Get_NPT)
    HAL_DMA_Abort                            0x080018e9   Thumb Code    70  stm32f1xx_hal_dma.o(.text.HAL_DMA_Abort)
    HAL_DMA_Abort_IT                         0x08001931   Thumb Code   304  stm32f1xx_hal_dma.o(.text.HAL_DMA_Abort_IT)
    HAL_Delay                                0x08001a61   Thumb Code    40  stm32f1xx_hal.o(.text.HAL_Delay)
    HAL_GPIO_EXTI_Callback                   0x08001a89   Thumb Code    46  main.o(.text.HAL_GPIO_EXTI_Callback)
    HAL_GPIO_EXTI_IRQHandler                 0x08001ab9   Thumb Code    22  stm32f1xx_hal_gpio.o(.text.HAL_GPIO_EXTI_IRQHandler)
    HAL_GPIO_Init                            0x08001ad1   Thumb Code   486  stm32f1xx_hal_gpio.o(.text.HAL_GPIO_Init)
    HAL_GPIO_ReadPin                         0x08001cb9   Thumb Code    10  stm32f1xx_hal_gpio.o(.text.HAL_GPIO_ReadPin)
    HAL_GPIO_WritePin                        0x08001cc5   Thumb Code    10  stm32f1xx_hal_gpio.o(.text.HAL_GPIO_WritePin)
    HAL_GetTick                              0x08001cd1   Thumb Code    12  stm32f1xx_hal.o(.text.HAL_GetTick)
    HAL_I2C_Init                             0x08001cdd   Thumb Code   356  stm32f1xx_hal_i2c.o(.text.HAL_I2C_Init)
    HAL_I2C_Master_Receive                   0x08001e41   Thumb Code  1024  stm32f1xx_hal_i2c.o(.text.HAL_I2C_Master_Receive)
    HAL_I2C_Master_Transmit                  0x08002241   Thumb Code   476  stm32f1xx_hal_i2c.o(.text.HAL_I2C_Master_Transmit)
    HAL_I2C_MspInit                          0x0800241d   Thumb Code   108  i2c.o(.text.HAL_I2C_MspInit)
    HAL_IncTick                              0x08002489   Thumb Code    26  stm32f1xx_hal.o(.text.HAL_IncTick)
    HAL_Init                                 0x080024a5   Thumb Code    38  stm32f1xx_hal.o(.text.HAL_Init)
    HAL_InitTick                             0x080024cd   Thumb Code    72  stm32f1xx_hal.o(.text.HAL_InitTick)
    HAL_MspInit                              0x08002515   Thumb Code    66  stm32f1xx_hal_msp.o(.text.HAL_MspInit)
    HAL_NVIC_EnableIRQ                       0x08002559   Thumb Code    34  stm32f1xx_hal_cortex.o(.text.HAL_NVIC_EnableIRQ)
    HAL_NVIC_SetPriority                     0x0800257d   Thumb Code    86  stm32f1xx_hal_cortex.o(.text.HAL_NVIC_SetPriority)
    HAL_NVIC_SetPriorityGrouping             0x080025d5   Thumb Code    32  stm32f1xx_hal_cortex.o(.text.HAL_NVIC_SetPriorityGrouping)
    HAL_RCC_ClockConfig                      0x080025f5   Thumb Code   442  stm32f1xx_hal_rcc.o(.text.HAL_RCC_ClockConfig)
    HAL_RCC_GetPCLK1Freq                     0x080027b1   Thumb Code    38  stm32f1xx_hal_rcc.o(.text.HAL_RCC_GetPCLK1Freq)
    HAL_RCC_GetPCLK2Freq                     0x080027d9   Thumb Code    38  stm32f1xx_hal_rcc.o(.text.HAL_RCC_GetPCLK2Freq)
    HAL_RCC_OscConfig                        0x08002801   Thumb Code  1024  stm32f1xx_hal_rcc.o(.text.HAL_RCC_OscConfig)
    HAL_SPI_Init                             0x08002c01   Thumb Code   168  stm32f1xx_hal_spi.o(.text.HAL_SPI_Init)
    HAL_SPI_MspInit                          0x08002ca9   Thumb Code   106  spi.o(.text.HAL_SPI_MspInit)
    HAL_SPI_Transmit                         0x08002d15   Thumb Code   506  stm32f1xx_hal_spi.o(.text.HAL_SPI_Transmit)
    HAL_SYSTICK_Config                       0x08002f11   Thumb Code    44  stm32f1xx_hal_cortex.o(.text.HAL_SYSTICK_Config)
    HAL_TIMEx_BreakCallback                  0x08002f3d   Thumb Code     2  stm32f1xx_hal_tim_ex.o(.text.HAL_TIMEx_BreakCallback)
    HAL_TIMEx_CommutCallback                 0x08002f41   Thumb Code     2  stm32f1xx_hal_tim_ex.o(.text.HAL_TIMEx_CommutCallback)
    HAL_TIMEx_MasterConfigSynchronization    0x08002f45   Thumb Code   150  stm32f1xx_hal_tim_ex.o(.text.HAL_TIMEx_MasterConfigSynchronization)
    HAL_TIM_Base_Init                        0x08002fdd   Thumb Code    90  stm32f1xx_hal_tim.o(.text.HAL_TIM_Base_Init)
    HAL_TIM_Base_MspInit                     0x08003039   Thumb Code    62  tim.o(.text.HAL_TIM_Base_MspInit)
    HAL_TIM_Base_Start_IT                    0x08003079   Thumb Code   134  stm32f1xx_hal_tim.o(.text.HAL_TIM_Base_Start_IT)
    HAL_TIM_ConfigClockSource                0x08003101   Thumb Code   416  stm32f1xx_hal_tim.o(.text.HAL_TIM_ConfigClockSource)
    HAL_TIM_IC_CaptureCallback               0x080032a1   Thumb Code     2  stm32f1xx_hal_tim.o(.text.HAL_TIM_IC_CaptureCallback)
    HAL_TIM_IRQHandler                       0x080032a5   Thumb Code   334  stm32f1xx_hal_tim.o(.text.HAL_TIM_IRQHandler)
    HAL_TIM_OC_DelayElapsedCallback          0x080033f5   Thumb Code     2  stm32f1xx_hal_tim.o(.text.HAL_TIM_OC_DelayElapsedCallback)
    HAL_TIM_PWM_PulseFinishedCallback        0x080033f9   Thumb Code     2  stm32f1xx_hal_tim.o(.text.HAL_TIM_PWM_PulseFinishedCallback)
    HAL_TIM_PeriodElapsedCallback            0x080033fd   Thumb Code    40  main.o(.text.HAL_TIM_PeriodElapsedCallback)
    HAL_TIM_TriggerCallback                  0x08003425   Thumb Code     2  stm32f1xx_hal_tim.o(.text.HAL_TIM_TriggerCallback)
    HAL_UARTEx_RxEventCallback               0x08003429   Thumb Code     2  stm32f1xx_hal_uart.o(.text.HAL_UARTEx_RxEventCallback)
    HAL_UART_ErrorCallback                   0x0800342d   Thumb Code     2  stm32f1xx_hal_uart.o(.text.HAL_UART_ErrorCallback)
    HAL_UART_IRQHandler                      0x08003431   Thumb Code  1392  stm32f1xx_hal_uart.o(.text.HAL_UART_IRQHandler)
    HAL_UART_Init                            0x080039a1   Thumb Code   226  stm32f1xx_hal_uart.o(.text.HAL_UART_Init)
    HAL_UART_MspInit                         0x08003a85   Thumb Code   258  usart.o(.text.HAL_UART_MspInit)
    HAL_UART_Receive_IT                      0x08003b89   Thumb Code    84  stm32f1xx_hal_uart.o(.text.HAL_UART_Receive_IT)
    HAL_UART_RxCpltCallback                  0x08003bdd   Thumb Code    18  main.o(.text.HAL_UART_RxCpltCallback)
    HAL_UART_Transmit                        0x08003bf1   Thumb Code   402  stm32f1xx_hal_uart.o(.text.HAL_UART_Transmit)
    HAL_UART_TxCpltCallback                  0x08003d85   Thumb Code     2  stm32f1xx_hal_uart.o(.text.HAL_UART_TxCpltCallback)
    HardFault_Handler                        0x08003d89   Thumb Code     2  stm32f1xx_it.o(.text.HardFault_Handler)
    Init                                     0x08004239   Thumb Code    32  encoder.o(.text.Init)
    MENU_show                                0x08004259   Thumb Code   174  encoder.o(.text.MENU_show)
    MX_GPIO_Init                             0x08004309   Thumb Code   288  gpio.o(.text.MX_GPIO_Init)
    MX_I2C2_Init                             0x08004429   Thumb Code    66  i2c.o(.text.MX_I2C2_Init)
    MX_SPI3_Init                             0x0800446d   Thumb Code    76  spi.o(.text.MX_SPI3_Init)
    MX_TIM2_Init                             0x080044b9   Thumb Code   116  tim.o(.text.MX_TIM2_Init)
    MX_UART4_Init                            0x0800452d   Thumb Code    60  usart.o(.text.MX_UART4_Init)
    MX_USART1_UART_Init                      0x08004569   Thumb Code    60  usart.o(.text.MX_USART1_UART_Init)
    MemManage_Handler                        0x080045a5   Thumb Code     2  stm32f1xx_it.o(.text.MemManage_Handler)
    NMI_Handler                              0x080045a9   Thumb Code     2  stm32f1xx_it.o(.text.NMI_Handler)
    NPT_Increment                            0x080045ad   Thumb Code    60  wifi.o(.text.NPT_Increment)
    OLED_ShowNum                             0x080045e9   Thumb Code   774  sh1106oled.o(.text.OLED_ShowNum)
    OLED_ShowTEM_HUM                         0x080048f1   Thumb Code   762  sh1106oled.o(.text.OLED_ShowTEM_HUM)
    OLED_ShowTime                            0x08004bed   Thumb Code  2724  sh1106oled.o(.text.OLED_ShowTime)
    PendSV_Handler                           0x08005691   Thumb Code     2  stm32f1xx_it.o(.text.PendSV_Handler)
    SVC_Handler                              0x080057b5   Thumb Code     2  stm32f1xx_it.o(.text.SVC_Handler)
    Show                                     0x080057b9   Thumb Code   100  encoder.o(.text.Show)
    Show_year_mouth_day                      0x0800582d   Thumb Code  1842  sh1106oled.o(.text.Show_year_mouth_day)
    SysTick_Handler                          0x08005f61   Thumb Code     4  stm32f1xx_it.o(.text.SysTick_Handler)
    SystemInit                               0x08005f65   Thumb Code     2  system_stm32f1xx.o(.text.SystemInit)
    TEM_HUM_Process                          0x08005f69   Thumb Code    62  gxht31.o(.text.TEM_HUM_Process)
    TIM2_IRQHandler                          0x08005fa9   Thumb Code    12  stm32f1xx_it.o(.text.TIM2_IRQHandler)
    TIM_Base_SetConfig                       0x08005fb5   Thumb Code   224  stm32f1xx_hal_tim.o(.text.TIM_Base_SetConfig)
    UART4_IRQHandler                         0x08006095   Thumb Code    12  stm32f1xx_it.o(.text.UART4_IRQHandler)
    UsageFault_Handler                       0x080061ad   Thumb Code     2  stm32f1xx_it.o(.text.UsageFault_Handler)
    User_EXTI_Callback                       0x080061b1   Thumb Code     2  encoder.o(.text.User_EXTI_Callback)
    WIFI_Callback                            0x080061b5   Thumb Code    56  wifi.o(.text.WIFI_Callback)
    WIFI_Init                                0x080061ed   Thumb Code   100  wifi.o(.text.WIFI_Init)
    clr_oled_screen                          0x08006321   Thumb Code   206  sh1106oled.o(.text.clr_oled_screen)
    fputc                                    0x080063f1   Thumb Code    30  main.o(.text.fputc)
    main                                     0x08006411   Thumb Code   284  main.o(.text.main)
    sh1106_draw_bitmap                       0x08006545   Thumb Code   420  sh1106oled.o(.text.sh1106_draw_bitmap)
    sh1106_fill_rect                         0x080066e9   Thumb Code   770  sh1106oled.o(.text.sh1106_fill_rect)
    sh1106_init                              0x080069ed   Thumb Code   918  sh1106oled.o(.text.sh1106_init)
    sh1106_refresh_gram                      0x08006d85   Thumb Code   202  sh1106oled.o(.text.sh1106_refresh_gram)
    state_counter                            0x08006e51   Thumb Code   124  counter.o(.text.state_counter)
    value_show                               0x08006ecd   Thumb Code  1782  sh1106oled.o(.text.value_show)
    __0printf                                0x080075c5   Thumb Code    22  printfa.o(i.__0printf)
    __1printf                                0x080075c5   Thumb Code     0  printfa.o(i.__0printf)
    __2printf                                0x080075c5   Thumb Code     0  printfa.o(i.__0printf)
    __c89printf                              0x080075c5   Thumb Code     0  printfa.o(i.__0printf)
    printf                                   0x080075c5   Thumb Code     0  printfa.o(i.__0printf)
    __scatterload_copy                       0x080075e5   Thumb Code    14  handlers.o(i.__scatterload_copy)
    __scatterload_null                       0x080075f3   Thumb Code     2  handlers.o(i.__scatterload_null)
    __scatterload_zeroinit                   0x080075f5   Thumb Code    14  handlers.o(i.__scatterload_zeroinit)
    puts                                     0x08007eb9   Thumb Code    30  puts.o(i.puts)
    __ctype_categories                       0x08007edc   Data          64  ctype_c.o(.constdata)
    AHBPrescTable                            0x08007f1c   Data          16  system_stm32f1xx.o(.rodata.AHBPrescTable)
    APBPrescTable                            0x08007f2c   Data           8  system_stm32f1xx.o(.rodata.APBPrescTable)
    ascii_8x16                               0x08007f36   Data        1536  sh1106oledfont.o(.rodata.ascii_8x16)
    bitmap_days                              0x08008536   Data          32  sh1106oledfont.o(.rodata.bitmap_days)
    bitmap_mouths                            0x08008556   Data          32  sh1106oledfont.o(.rodata.bitmap_mouths)
    bitmap_years                             0x08008576   Data          32  sh1106oledfont.o(.rodata.bitmap_years)
    colon_4x16                               0x08008596   Data          16  sh1106oledfont.o(.rodata.colon_4x16)
    gImage_222                               0x080085b6   Data         128  sh1106oledfont.o(.rodata.gImage_222)
    gImage_clock                             0x08008636   Data         134  sh1106oledfont.o(.rodata.gImage_clock)
    gImage_counter                           0x080086bc   Data         134  sh1106oledfont.o(.rodata.gImage_counter)
    gImage_personal_information              0x08008742   Data         134  sh1106oledfont.o(.rodata.gImage_personal_information)
    gImage_switch01                          0x080087c8   Data          32  sh1106oledfont.o(.rodata.gImage_switch01)
    gImage_switch02                          0x080087e8   Data          32  sh1106oledfont.o(.rodata.gImage_switch02)
    minus_sign_8x16                          0x08008808   Data          16  sh1106oledfont.o(.rodata.minus_sign_8x16)
    name                                     0x08008818   Data          64  sh1106oledfont.o(.rodata.name)
    num_5x7                                  0x08008858   Data          70  sh1106oledfont.o(.rodata.num_5x7)
    num_8x16                                 0x0800889e   Data         160  sh1106oledfont.o(.rodata.num_8x16)
    school                                   0x0800893e   Data         324  sh1106oledfont.o(.rodata.school)
    student_number                           0x08008d8e   Data         160  sh1106oledfont.o(.rodata.student_number)
    week_16x16                               0x08008e2e   Data         672  sh1106oledfont.o(.rodata.week_16x16)
    Region$$Table$$Base                      0x080090d0   Number         0  anon$$obj.o(Region$$Table)
    Region$$Table$$Limit                     0x080090f0   Number         0  anon$$obj.o(Region$$Table)
    __stdout                                 0x20000000   Data           4  stdout.o(.data)
    uwTickFreq                               0x20000004   Data           1  stm32f1xx_hal.o(.data..L_MergedGlobals)
    uwTickPrio                               0x20000008   Data           4  stm32f1xx_hal.o(.data..L_MergedGlobals)
    SystemCoreClock                          0x2000000c   Data           4  system_stm32f1xx.o(.data.SystemCoreClock)
    app_state                                0x20000010   Data           1  encoder.o(.bss..L_MergedGlobals)
    current_func                             0x20000011   Data           1  encoder.o(.bss..L_MergedGlobals)
    Flag_count                               0x20000028   Data           1  sh1106oled.o(.bss..L_MergedGlobals)
    clock_sec                                0x20000029   Data           1  sh1106oled.o(.bss..L_MergedGlobals)
    clock_min                                0x2000002a   Data           1  sh1106oled.o(.bss..L_MergedGlobals)
    clock_hour                               0x2000002b   Data           1  sh1106oled.o(.bss..L_MergedGlobals)
    index                                    0x2000002c   Data           1  wifi.o(.bss..L_MergedGlobals)
    NPThour                                  0x2000002d   Data           1  wifi.o(.bss..L_MergedGlobals)
    NPTmin                                   0x2000002e   Data           1  wifi.o(.bss..L_MergedGlobals)
    NPTsec                                   0x2000002f   Data           1  wifi.o(.bss..L_MergedGlobals)
    NPTmouths                                0x20000030   Data           1  wifi.o(.bss..L_MergedGlobals)
    NPTdays                                  0x20000031   Data           1  wifi.o(.bss..L_MergedGlobals)
    NPTweek                                  0x20000032   Data           1  wifi.o(.bss..L_MergedGlobals)
    Flag                                     0x20000033   Data           1  wifi.o(.bss..L_MergedGlobals)
    NPTyears                                 0x20000036   Data           2  wifi.o(.bss..L_MergedGlobals)
    counter_state                            0x20000038   Data           1  counter.o(.bss..L_MergedGlobals)
    pc1_pressed                              0x20000039   Data           1  counter.o(.bss..L_MergedGlobals)
    pc2_pressed                              0x2000003a   Data           1  counter.o(.bss..L_MergedGlobals)
    hi2c2                                    0x2000003c   Data          84  i2c.o(.bss.hi2c2)
    hspi3                                    0x20000090   Data          88  spi.o(.bss.hspi3)
    htim2                                    0x200000e8   Data          72  tim.o(.bss.htim2)
    huart1                                   0x20000130   Data          72  usart.o(.bss.huart1)
    huart4                                   0x20000178   Data          72  usart.o(.bss.huart4)
    s_chDispalyBuffer                        0x200002c0   Data        1024  sh1106oled.o(.bss.s_chDispalyBuffer)
    uwTick                                   0x200006c0   Data           4  stm32f1xx_hal.o(.bss.uwTick)
    __initial_sp                             0x20000ac8   Data           0  startup_stm32f103xe.o(STACK)



==============================================================================

Memory Map of the image

  Image Entry point : 0x08000131

  Load Region LR_IROM1 (Base: 0x08000000, Size: 0x00009100, Max: 0x00040000, ABSOLUTE)

    Execution Region ER_IROM1 (Exec base: 0x08000000, Load base: 0x08000000, Size: 0x000090f0, Max: 0x00040000, ABSOLUTE)

    Exec Addr    Load Addr    Size         Type   Attr      Idx    E Section Name        Object

    0x08000000   0x08000000   0x00000130   Data   RO            3    RESET               startup_stm32f103xe.o
    0x08000130   0x08000130   0x00000000   Code   RO         1358  * .ARM.Collect$$$$00000000  mc_w.l(entry.o)
    0x08000130   0x08000130   0x00000004   Code   RO         1662    .ARM.Collect$$$$00000001  mc_w.l(entry2.o)
    0x08000134   0x08000134   0x00000004   Code   RO         1665    .ARM.Collect$$$$00000004  mc_w.l(entry5.o)
    0x08000138   0x08000138   0x00000000   Code   RO         1667    .ARM.Collect$$$$00000008  mc_w.l(entry7b.o)
    0x08000138   0x08000138   0x00000000   Code   RO         1669    .ARM.Collect$$$$0000000A  mc_w.l(entry8b.o)
    0x08000138   0x08000138   0x00000008   Code   RO         1670    .ARM.Collect$$$$0000000B  mc_w.l(entry9a.o)
    0x08000140   0x08000140   0x00000000   Code   RO         1672    .ARM.Collect$$$$0000000D  mc_w.l(entry10a.o)
    0x08000140   0x08000140   0x00000000   Code   RO         1674    .ARM.Collect$$$$0000000F  mc_w.l(entry11a.o)
    0x08000140   0x08000140   0x00000004   Code   RO         1663    .ARM.Collect$$$$00002712  mc_w.l(entry2.o)
    0x08000144   0x08000144   0x00000024   Code   RO            4    .text               startup_stm32f103xe.o
    0x08000168   0x08000168   0x00000024   Code   RO         1365    .text               mc_w.l(memcpya.o)
    0x0800018c   0x0800018c   0x00000024   Code   RO         1367    .text               mc_w.l(memseta.o)
    0x080001b0   0x080001b0   0x00000024   Code   RO         1369    .text               mc_w.l(strstr.o)
    0x080001d4   0x080001d4   0x00000018   Code   RO         1371    .text               mc_w.l(strncpy.o)
    0x080001ec   0x080001ec   0x0000000e   Code   RO         1373    .text               mc_w.l(strlen.o)
    0x080001fa   0x080001fa   0x00000002   PAD
    0x080001fc   0x080001fc   0x00000038   Code   RO         1638    .text               mc_w.l(__0sscanf.o)
    0x08000234   0x08000234   0x0000014c   Code   RO         1640    .text               mc_w.l(_scanf_int.o)
    0x08000380   0x08000380   0x000000e0   Code   RO         1642    .text               mc_w.l(_scanf_str.o)
    0x08000460   0x08000460   0x000000b0   Code   RO         1644    .text               mf_w.l(fadd.o)
    0x08000510   0x08000510   0x00000064   Code   RO         1646    .text               mf_w.l(fmul.o)
    0x08000574   0x08000574   0x0000007c   Code   RO         1648    .text               mf_w.l(fdiv.o)
    0x080005f0   0x080005f0   0x0000001c   Code   RO         1650    .text               mf_w.l(fcmplt.o)
    0x0800060c   0x0800060c   0x0000001c   Code   RO         1652    .text               mf_w.l(fcmpge.o)
    0x08000628   0x08000628   0x00000012   Code   RO         1654    .text               mf_w.l(fflti.o)
    0x0800063a   0x0800063a   0x0000000a   Code   RO         1656    .text               mf_w.l(ffltui.o)
    0x08000644   0x08000644   0x00000032   Code   RO         1658    .text               mf_w.l(ffixi.o)
    0x08000676   0x08000676   0x0000002c   Code   RO         1686    .text               mc_w.l(uidiv.o)
    0x080006a2   0x080006a2   0x00000062   Code   RO         1688    .text               mc_w.l(uldiv.o)
    0x08000704   0x08000704   0x0000001c   Code   RO         1690    .text               mc_w.l(_chval.o)
    0x08000720   0x08000720   0x00000028   Code   RO         1692    .text               mc_w.l(scanf_char.o)
    0x08000748   0x08000748   0x00000040   Code   RO         1694    .text               mc_w.l(_sgetc.o)
    0x08000788   0x08000788   0x00000000   Code   RO         1696    .text               mc_w.l(iusefp.o)
    0x08000788   0x08000788   0x0000006e   Code   RO         1697    .text               mf_w.l(fepilogue.o)
    0x080007f6   0x080007f6   0x0000014e   Code   RO         1699    .text               mf_w.l(dadd.o)
    0x08000944   0x08000944   0x000000e4   Code   RO         1701    .text               mf_w.l(dmul.o)
    0x08000a28   0x08000a28   0x000000de   Code   RO         1703    .text               mf_w.l(ddiv.o)
    0x08000b06   0x08000b06   0x00000030   Code   RO         1705    .text               mf_w.l(dfixul.o)
    0x08000b36   0x08000b36   0x00000002   PAD
    0x08000b38   0x08000b38   0x00000030   Code   RO         1707    .text               mf_w.l(cdrcmple.o)
    0x08000b68   0x08000b68   0x00000030   Code   RO         1709    .text               mc_w.l(init.o)
    0x08000b98   0x08000b98   0x0000001e   Code   RO         1711    .text               mc_w.l(llshl.o)
    0x08000bb6   0x08000bb6   0x00000020   Code   RO         1713    .text               mc_w.l(llushr.o)
    0x08000bd6   0x08000bd6   0x00000024   Code   RO         1715    .text               mc_w.l(llsshr.o)
    0x08000bfa   0x08000bfa   0x0000000a   Code   RO         1717    .text               mc_w.l(isspace_c.o)
    0x08000c04   0x08000c04   0x0000032c   Code   RO         1719    .text               mc_w.l(_scanf.o)
    0x08000f30   0x08000f30   0x000000ba   Code   RO         1721    .text               mf_w.l(depilogue.o)
    0x08000fea   0x08000fea   0x00000002   PAD
    0x08000fec   0x08000fec   0x00000028   Code   RO         1723    .text               mc_w.l(ctype_c.o)
    0x08001014   0x08001014   0x00000002   Code   RO          112    .text.BusFault_Handler  stm32f1xx_it.o
    0x08001016   0x08001016   0x00000002   PAD
    0x08001018   0x08001018   0x0000003c   Code   RO         1253    .text.CLOCK_Increment  sh1106oled.o
    0x08001054   0x08001054   0x00000014   Code   RO         1251    .text.CLOCK_Init    sh1106oled.o
    0x08001068   0x08001068   0x0000008e   Code   RO         1221    .text.Clock_Process  encoder.o
    0x080010f6   0x080010f6   0x00000002   PAD
    0x080010f8   0x080010f8   0x00000024   Code   RO         1347    .text.Counter_Init  counter.o
    0x0800111c   0x0800111c   0x00000002   Code   RO          118    .text.DebugMon_Handler  stm32f1xx_it.o
    0x0800111e   0x0800111e   0x00000002   PAD
    0x08001120   0x08001120   0x00000006   Code   RO          124    .text.EXTI0_IRQHandler  stm32f1xx_it.o
    0x08001126   0x08001126   0x00000002   PAD
    0x08001128   0x08001128   0x00000006   Code   RO          126    .text.EXTI1_IRQHandler  stm32f1xx_it.o
    0x0800112e   0x0800112e   0x00000002   PAD
    0x08001130   0x08001130   0x00000006   Code   RO          128    .text.EXTI2_IRQHandler  stm32f1xx_it.o
    0x08001136   0x08001136   0x00000002   PAD
    0x08001138   0x08001138   0x00000006   Code   RO          130    .text.EXTI3_IRQHandler  stm32f1xx_it.o
    0x0800113e   0x0800113e   0x00000002   PAD
    0x08001140   0x08001140   0x0000008e   Code   RO         1213    .text.EnterFunction  encoder.o
    0x080011ce   0x080011ce   0x00000002   PAD
    0x080011d0   0x080011d0   0x0000000a   Code   RO           15    .text.Error_Handler  main.o
    0x080011da   0x080011da   0x00000002   PAD
    0x080011dc   0x080011dc   0x000000a6   Code   RO         1215    .text.GPIO_EXTI     encoder.o
    0x08001282   0x08001282   0x00000002   PAD
    0x08001284   0x08001284   0x00000024   Code   RO         1232    .text.GXHT31_Init   gxht31.o
    0x080012a8   0x080012a8   0x00000268   Code   RO         1234    .text.GXHT31_Measure  gxht31.o
    0x08001510   0x08001510   0x000003d8   Code   RO         1331    .text.Get_NPT       wifi.o
    0x080018e8   0x080018e8   0x00000046   Code   RO          448    .text.HAL_DMA_Abort  stm32f1xx_hal_dma.o
    0x0800192e   0x0800192e   0x00000002   PAD
    0x08001930   0x08001930   0x00000130   Code   RO          450    .text.HAL_DMA_Abort_IT  stm32f1xx_hal_dma.o
    0x08001a60   0x08001a60   0x00000028   Code   RO          324    .text.HAL_Delay     stm32f1xx_hal.o
    0x08001a88   0x08001a88   0x0000002e   Code   RO           21    .text.HAL_GPIO_EXTI_Callback  main.o
    0x08001ab6   0x08001ab6   0x00000002   PAD
    0x08001ab8   0x08001ab8   0x00000016   Code   RO          428    .text.HAL_GPIO_EXTI_IRQHandler  stm32f1xx_hal_gpio.o
    0x08001ace   0x08001ace   0x00000002   PAD
    0x08001ad0   0x08001ad0   0x000001e6   Code   RO          416    .text.HAL_GPIO_Init  stm32f1xx_hal_gpio.o
    0x08001cb6   0x08001cb6   0x00000002   PAD
    0x08001cb8   0x08001cb8   0x0000000a   Code   RO          420    .text.HAL_GPIO_ReadPin  stm32f1xx_hal_gpio.o
    0x08001cc2   0x08001cc2   0x00000002   PAD
    0x08001cc4   0x08001cc4   0x0000000a   Code   RO          422    .text.HAL_GPIO_WritePin  stm32f1xx_hal_gpio.o
    0x08001cce   0x08001cce   0x00000002   PAD
    0x08001cd0   0x08001cd0   0x0000000c   Code   RO          316    .text.HAL_GetTick   stm32f1xx_hal.o
    0x08001cdc   0x08001cdc   0x00000164   Code   RO          166    .text.HAL_I2C_Init  stm32f1xx_hal_i2c.o
    0x08001e40   0x08001e40   0x00000400   Code   RO          182    .text.HAL_I2C_Master_Receive  stm32f1xx_hal_i2c.o
    0x08002240   0x08002240   0x000001dc   Code   RO          174    .text.HAL_I2C_Master_Transmit  stm32f1xx_hal_i2c.o
    0x0800241c   0x0800241c   0x0000006c   Code   RO           45    .text.HAL_I2C_MspInit  i2c.o
    0x08002488   0x08002488   0x0000001a   Code   RO          314    .text.HAL_IncTick   stm32f1xx_hal.o
    0x080024a2   0x080024a2   0x00000002   PAD
    0x080024a4   0x080024a4   0x00000026   Code   RO          304    .text.HAL_Init      stm32f1xx_hal.o
    0x080024ca   0x080024ca   0x00000002   PAD
    0x080024cc   0x080024cc   0x00000048   Code   RO          306    .text.HAL_InitTick  stm32f1xx_hal.o
    0x08002514   0x08002514   0x00000042   Code   RO          143    .text.HAL_MspInit   stm32f1xx_hal_msp.o
    0x08002556   0x08002556   0x00000002   PAD
    0x08002558   0x08002558   0x00000022   Code   RO          476    .text.HAL_NVIC_EnableIRQ  stm32f1xx_hal_cortex.o
    0x0800257a   0x0800257a   0x00000002   PAD
    0x0800257c   0x0800257c   0x00000056   Code   RO          474    .text.HAL_NVIC_SetPriority  stm32f1xx_hal_cortex.o
    0x080025d2   0x080025d2   0x00000002   PAD
    0x080025d4   0x080025d4   0x00000020   Code   RO          472    .text.HAL_NVIC_SetPriorityGrouping  stm32f1xx_hal_cortex.o
    0x080025f4   0x080025f4   0x000001ba   Code   RO          368    .text.HAL_RCC_ClockConfig  stm32f1xx_hal_rcc.o
    0x080027ae   0x080027ae   0x00000002   PAD
    0x080027b0   0x080027b0   0x00000026   Code   RO          380    .text.HAL_RCC_GetPCLK1Freq  stm32f1xx_hal_rcc.o
    0x080027d6   0x080027d6   0x00000002   PAD
    0x080027d8   0x080027d8   0x00000026   Code   RO          382    .text.HAL_RCC_GetPCLK2Freq  stm32f1xx_hal_rcc.o
    0x080027fe   0x080027fe   0x00000002   PAD
    0x08002800   0x08002800   0x00000400   Code   RO          366    .text.HAL_RCC_OscConfig  stm32f1xx_hal_rcc.o
    0x08002c00   0x08002c00   0x000000a8   Code   RO          637    .text.HAL_SPI_Init  stm32f1xx_hal_spi.o
    0x08002ca8   0x08002ca8   0x0000006a   Code   RO           60    .text.HAL_SPI_MspInit  spi.o
    0x08002d12   0x08002d12   0x00000002   PAD
    0x08002d14   0x08002d14   0x000001fa   Code   RO          645    .text.HAL_SPI_Transmit  stm32f1xx_hal_spi.o
    0x08002f0e   0x08002f0e   0x00000002   PAD
    0x08002f10   0x08002f10   0x0000002c   Code   RO          484    .text.HAL_SYSTICK_Config  stm32f1xx_hal_cortex.o
    0x08002f3c   0x08002f3c   0x00000002   Code   RO         1056    .text.HAL_TIMEx_BreakCallback  stm32f1xx_hal_tim_ex.o
    0x08002f3e   0x08002f3e   0x00000002   PAD
    0x08002f40   0x08002f40   0x00000002   Code   RO         1052    .text.HAL_TIMEx_CommutCallback  stm32f1xx_hal_tim_ex.o
    0x08002f42   0x08002f42   0x00000002   PAD
    0x08002f44   0x08002f44   0x00000096   Code   RO         1046    .text.HAL_TIMEx_MasterConfigSynchronization  stm32f1xx_hal_tim_ex.o
    0x08002fda   0x08002fda   0x00000002   PAD
    0x08002fdc   0x08002fdc   0x0000005a   Code   RO          751    .text.HAL_TIM_Base_Init  stm32f1xx_hal_tim.o
    0x08003036   0x08003036   0x00000002   PAD
    0x08003038   0x08003038   0x0000003e   Code   RO           75    .text.HAL_TIM_Base_MspInit  tim.o
    0x08003076   0x08003076   0x00000002   PAD
    0x08003078   0x08003078   0x00000086   Code   RO          765    .text.HAL_TIM_Base_Start_IT  stm32f1xx_hal_tim.o
    0x080030fe   0x080030fe   0x00000002   PAD
    0x08003100   0x08003100   0x000001a0   Code   RO          931    .text.HAL_TIM_ConfigClockSource  stm32f1xx_hal_tim.o
    0x080032a0   0x080032a0   0x00000002   Code   RO          887    .text.HAL_TIM_IC_CaptureCallback  stm32f1xx_hal_tim.o
    0x080032a2   0x080032a2   0x00000002   PAD
    0x080032a4   0x080032a4   0x0000014e   Code   RO          885    .text.HAL_TIM_IRQHandler  stm32f1xx_hal_tim.o
    0x080033f2   0x080033f2   0x00000002   PAD
    0x080033f4   0x080033f4   0x00000002   Code   RO          889    .text.HAL_TIM_OC_DelayElapsedCallback  stm32f1xx_hal_tim.o
    0x080033f6   0x080033f6   0x00000002   PAD
    0x080033f8   0x080033f8   0x00000002   Code   RO          891    .text.HAL_TIM_PWM_PulseFinishedCallback  stm32f1xx_hal_tim.o
    0x080033fa   0x080033fa   0x00000002   PAD
    0x080033fc   0x080033fc   0x00000028   Code   RO           19    .text.HAL_TIM_PeriodElapsedCallback  main.o
    0x08003424   0x08003424   0x00000002   Code   RO          895    .text.HAL_TIM_TriggerCallback  stm32f1xx_hal_tim.o
    0x08003426   0x08003426   0x00000002   PAD
    0x08003428   0x08003428   0x00000002   Code   RO         1154    .text.HAL_UARTEx_RxEventCallback  stm32f1xx_hal_uart.o
    0x0800342a   0x0800342a   0x00000002   PAD
    0x0800342c   0x0800342c   0x00000002   Code   RO         1152    .text.HAL_UART_ErrorCallback  stm32f1xx_hal_uart.o
    0x0800342e   0x0800342e   0x00000002   PAD
    0x08003430   0x08003430   0x00000570   Code   RO         1146    .text.HAL_UART_IRQHandler  stm32f1xx_hal_uart.o
    0x080039a0   0x080039a0   0x000000e2   Code   RO         1070    .text.HAL_UART_Init  stm32f1xx_hal_uart.o
    0x08003a82   0x08003a82   0x00000002   PAD
    0x08003a84   0x08003a84   0x00000102   Code   RO           92    .text.HAL_UART_MspInit  usart.o
    0x08003b86   0x08003b86   0x00000002   PAD
    0x08003b88   0x08003b88   0x00000054   Code   RO         1090    .text.HAL_UART_Receive_IT  stm32f1xx_hal_uart.o
    0x08003bdc   0x08003bdc   0x00000012   Code   RO           23    .text.HAL_UART_RxCpltCallback  main.o
    0x08003bee   0x08003bee   0x00000002   PAD
    0x08003bf0   0x08003bf0   0x00000192   Code   RO         1084    .text.HAL_UART_Transmit  stm32f1xx_hal_uart.o
    0x08003d82   0x08003d82   0x00000002   PAD
    0x08003d84   0x08003d84   0x00000002   Code   RO         1156    .text.HAL_UART_TxCpltCallback  stm32f1xx_hal_uart.o
    0x08003d86   0x08003d86   0x00000002   PAD
    0x08003d88   0x08003d88   0x00000002   Code   RO          108    .text.HardFault_Handler  stm32f1xx_it.o
    0x08003d8a   0x08003d8a   0x00000002   PAD
    0x08003d8c   0x08003d8c   0x000000ba   Code   RO          180    .text.I2C_WaitOnBTFFlagUntilTimeout  stm32f1xx_hal_i2c.o
    0x08003e46   0x08003e46   0x00000002   PAD
    0x08003e48   0x08003e48   0x000001ca   Code   RO          176    .text.I2C_WaitOnFlagUntilTimeout  stm32f1xx_hal_i2c.o
    0x08004012   0x08004012   0x00000002   PAD
    0x08004014   0x08004014   0x000000d6   Code   RO          294    .text.I2C_WaitOnMasterAddressFlagUntilTimeout  stm32f1xx_hal_i2c.o
    0x080040ea   0x080040ea   0x00000002   PAD
    0x080040ec   0x080040ec   0x00000090   Code   RO          184    .text.I2C_WaitOnRXNEFlagUntilTimeout  stm32f1xx_hal_i2c.o
    0x0800417c   0x0800417c   0x000000ba   Code   RO          178    .text.I2C_WaitOnTXEFlagUntilTimeout  stm32f1xx_hal_i2c.o
    0x08004236   0x08004236   0x00000002   PAD
    0x08004238   0x08004238   0x00000020   Code   RO         1207    .text.Init          encoder.o
    0x08004258   0x08004258   0x000000ae   Code   RO         1211    .text.MENU_show     encoder.o
    0x08004306   0x08004306   0x00000002   PAD
    0x08004308   0x08004308   0x00000120   Code   RO           34    .text.MX_GPIO_Init  gpio.o
    0x08004428   0x08004428   0x00000042   Code   RO           43    .text.MX_I2C2_Init  i2c.o
    0x0800446a   0x0800446a   0x00000002   PAD
    0x0800446c   0x0800446c   0x0000004c   Code   RO           58    .text.MX_SPI3_Init  spi.o
    0x080044b8   0x080044b8   0x00000074   Code   RO           73    .text.MX_TIM2_Init  tim.o
    0x0800452c   0x0800452c   0x0000003c   Code   RO           88    .text.MX_UART4_Init  usart.o
    0x08004568   0x08004568   0x0000003c   Code   RO           90    .text.MX_USART1_UART_Init  usart.o
    0x080045a4   0x080045a4   0x00000002   Code   RO          110    .text.MemManage_Handler  stm32f1xx_it.o
    0x080045a6   0x080045a6   0x00000002   PAD
    0x080045a8   0x080045a8   0x00000002   Code   RO          106    .text.NMI_Handler   stm32f1xx_it.o
    0x080045aa   0x080045aa   0x00000002   PAD
    0x080045ac   0x080045ac   0x0000003c   Code   RO         1333    .text.NPT_Increment  wifi.o
    0x080045e8   0x080045e8   0x00000306   Code   RO         1267    .text.OLED_ShowNum  sh1106oled.o
    0x080048ee   0x080048ee   0x00000002   PAD
    0x080048f0   0x080048f0   0x000002fa   Code   RO         1281    .text.OLED_ShowTEM_HUM  sh1106oled.o
    0x08004bea   0x08004bea   0x00000002   PAD
    0x08004bec   0x08004bec   0x00000aa4   Code   RO         1273    .text.OLED_ShowTime  sh1106oled.o
    0x08005690   0x08005690   0x00000002   Code   RO          120    .text.PendSV_Handler  stm32f1xx_it.o
    0x08005692   0x08005692   0x00000002   PAD
    0x08005694   0x08005694   0x00000120   Code   RO          741    .text.SPI_WaitFlagStateUntilTimeout  stm32f1xx_hal_spi.o
    0x080057b4   0x080057b4   0x00000002   Code   RO          116    .text.SVC_Handler   stm32f1xx_it.o
    0x080057b6   0x080057b6   0x00000002   PAD
    0x080057b8   0x080057b8   0x00000074   Code   RO         1209    .text.Show          encoder.o
    0x0800582c   0x0800582c   0x00000732   Code   RO         1275    .text.Show_year_mouth_day  sh1106oled.o
    0x08005f5e   0x08005f5e   0x00000002   PAD
    0x08005f60   0x08005f60   0x00000004   Code   RO          122    .text.SysTick_Handler  stm32f1xx_it.o
    0x08005f64   0x08005f64   0x00000002   Code   RO         1190    .text.SystemInit    system_stm32f1xx.o
    0x08005f66   0x08005f66   0x00000002   PAD
    0x08005f68   0x08005f68   0x0000003e   Code   RO         1240    .text.TEM_HUM_Process  gxht31.o
    0x08005fa6   0x08005fa6   0x00000002   PAD
    0x08005fa8   0x08005fa8   0x0000000c   Code   RO          132    .text.TIM2_IRQHandler  stm32f1xx_it.o
    0x08005fb4   0x08005fb4   0x000000e0   Code   RO          755    .text.TIM_Base_SetConfig  stm32f1xx_hal_tim.o
    0x08006094   0x08006094   0x0000000c   Code   RO          134    .text.UART4_IRQHandler  stm32f1xx_it.o
    0x080060a0   0x080060a0   0x0000000c   Code   RO         1150    .text.UART_DMAAbortOnError  stm32f1xx_hal_uart.o
    0x080060ac   0x080060ac   0x000000fe   Code   RO         1148    .text.UART_Receive_IT  stm32f1xx_hal_uart.o
    0x080061aa   0x080061aa   0x00000002   PAD
    0x080061ac   0x080061ac   0x00000002   Code   RO          114    .text.UsageFault_Handler  stm32f1xx_it.o
    0x080061ae   0x080061ae   0x00000002   PAD
    0x080061b0   0x080061b0   0x00000002   Code   RO         1205    .text.User_EXTI_Callback  encoder.o
    0x080061b2   0x080061b2   0x00000002   PAD
    0x080061b4   0x080061b4   0x00000038   Code   RO         1329    .text.WIFI_Callback  wifi.o
    0x080061ec   0x080061ec   0x000000a0   Code   RO         1323    .text.WIFI_Init     wifi.o
    0x0800628c   0x0800628c   0x00000092   Code   RO         1325    .text.WIFI_SendReceive_cmd  wifi.o
    0x0800631e   0x0800631e   0x00000002   PAD
    0x08006320   0x08006320   0x000000ce   Code   RO         1259    .text.clr_oled_screen  sh1106oled.o
    0x080063ee   0x080063ee   0x00000002   PAD
    0x080063f0   0x080063f0   0x0000001e   Code   RO           17    .text.fputc         main.o
    0x0800640e   0x0800640e   0x00000002   PAD
    0x08006410   0x08006410   0x00000134   Code   RO           11    .text.main          main.o
    0x08006544   0x08006544   0x000001a4   Code   RO         1265    .text.sh1106_draw_bitmap  sh1106oled.o
    0x080066e8   0x080066e8   0x00000302   Code   RO         1271    .text.sh1106_fill_rect  sh1106oled.o
    0x080069ea   0x080069ea   0x00000002   PAD
    0x080069ec   0x080069ec   0x00000396   Code   RO         1257    .text.sh1106_init   sh1106oled.o
    0x08006d82   0x08006d82   0x00000002   PAD
    0x08006d84   0x08006d84   0x000000ca   Code   RO         1261    .text.sh1106_refresh_gram  sh1106oled.o
    0x08006e4e   0x08006e4e   0x00000002   PAD
    0x08006e50   0x08006e50   0x0000007c   Code   RO         1349    .text.state_counter  counter.o
    0x08006ecc   0x08006ecc   0x000006f6   Code   RO         1279    .text.value_show    sh1106oled.o
    0x080075c2   0x080075c2   0x00000002   PAD
    0x080075c4   0x080075c4   0x00000020   Code   RO         1610    i.__0printf         mc_w.l(printfa.o)
    0x080075e4   0x080075e4   0x0000000e   Code   RO         1728    i.__scatterload_copy  mc_w.l(handlers.o)
    0x080075f2   0x080075f2   0x00000002   Code   RO         1729    i.__scatterload_null  mc_w.l(handlers.o)
    0x080075f4   0x080075f4   0x0000000e   Code   RO         1730    i.__scatterload_zeroinit  mc_w.l(handlers.o)
    0x08007602   0x08007602   0x00000002   PAD
    0x08007604   0x08007604   0x00000184   Code   RO         1617    i._fp_digits        mc_w.l(printfa.o)
    0x08007788   0x08007788   0x000006dc   Code   RO         1618    i._printf_core      mc_w.l(printfa.o)
    0x08007e64   0x08007e64   0x00000024   Code   RO         1619    i._printf_post_padding  mc_w.l(printfa.o)
    0x08007e88   0x08007e88   0x0000002e   Code   RO         1620    i._printf_pre_padding  mc_w.l(printfa.o)
    0x08007eb6   0x08007eb6   0x00000002   PAD
    0x08007eb8   0x08007eb8   0x00000024   Code   RO         1361    i.puts              mc_w.l(puts.o)
    0x08007edc   0x08007edc   0x00000040   Data   RO         1724    .constdata          mc_w.l(ctype_c.o)
    0x08007f1c   0x08007f1c   0x00000010   Data   RO         1195    .rodata.AHBPrescTable  system_stm32f1xx.o
    0x08007f2c   0x08007f2c   0x00000008   Data   RO         1196    .rodata.APBPrescTable  system_stm32f1xx.o
    0x08007f34   0x08007f34   0x00000002   Data   RO          393    .rodata.HAL_RCC_GetSysClockFreq.aPredivFactorTable  stm32f1xx_hal_rcc.o
    0x08007f36   0x08007f36   0x00000600   Data   RO         1308    .rodata.ascii_8x16  sh1106oledfont.o
    0x08008536   0x08008536   0x00000020   Data   RO         1316    .rodata.bitmap_days  sh1106oledfont.o
    0x08008556   0x08008556   0x00000020   Data   RO         1315    .rodata.bitmap_mouths  sh1106oledfont.o
    0x08008576   0x08008576   0x00000020   Data   RO         1314    .rodata.bitmap_years  sh1106oledfont.o
    0x08008596   0x08008596   0x00000010   Data   RO         1301    .rodata.colon_4x16  sh1106oledfont.o
    0x080085a6   0x080085a6   0x00000010   Data   RO          392    .rodata.cst16       stm32f1xx_hal_rcc.o
    0x080085b6   0x080085b6   0x00000080   Data   RO         1306    .rodata.gImage_222  sh1106oledfont.o
    0x08008636   0x08008636   0x00000086   Data   RO         1311    .rodata.gImage_clock  sh1106oledfont.o
    0x080086bc   0x080086bc   0x00000086   Data   RO         1310    .rodata.gImage_counter  sh1106oledfont.o
    0x08008742   0x08008742   0x00000086   Data   RO         1309    .rodata.gImage_personal_information  sh1106oledfont.o
    0x080087c8   0x080087c8   0x00000020   Data   RO         1312    .rodata.gImage_switch01  sh1106oledfont.o
    0x080087e8   0x080087e8   0x00000020   Data   RO         1313    .rodata.gImage_switch02  sh1106oledfont.o
    0x08008808   0x08008808   0x00000010   Data   RO         1307    .rodata.minus_sign_8x16  sh1106oledfont.o
    0x08008818   0x08008818   0x00000040   Data   RO         1303    .rodata.name        sh1106oledfont.o
    0x08008858   0x08008858   0x00000046   Data   RO         1299    .rodata.num_5x7     sh1106oledfont.o
    0x0800889e   0x0800889e   0x000000a0   Data   RO         1298    .rodata.num_8x16    sh1106oledfont.o
    0x0800893e   0x0800893e   0x00000144   Data   RO         1302    .rodata.school      sh1106oledfont.o
    0x08008a82   0x08008a82   0x0000030c   Data   RO         1336    .rodata.str1.1      wifi.o
    0x08008d8e   0x08008d8e   0x000000a0   Data   RO         1304    .rodata.student_number  sh1106oledfont.o
    0x08008e2e   0x08008e2e   0x000002a0   Data   RO         1317    .rodata.week_16x16  sh1106oledfont.o
    0x080090ce   0x080090ce   0x00000002   PAD
    0x080090d0   0x080090d0   0x00000020   Data   RO         1727    Region$$Table       anon$$obj.o


    Execution Region RW_IRAM1 (Exec base: 0x20000000, Load base: 0x080090f0, Size: 0x00000ac8, Max: 0x0000c000, ABSOLUTE)

    Exec Addr    Load Addr    Size         Type   Attr      Idx    E Section Name        Object

    0x20000000   0x080090f0   0x00000004   Data   RW         1676    .data               mc_w.l(stdout.o)
    0x20000004   0x080090f4   0x00000008   Data   RW          355    .data..L_MergedGlobals  stm32f1xx_hal.o
    0x2000000c   0x080090fc   0x00000004   Data   RW         1194    .data.SystemCoreClock  system_stm32f1xx.o
    0x20000010        -       0x0000000c   Zero   RW         1223    .bss..L_MergedGlobals  encoder.o
    0x2000001c        -       0x0000000c   Zero   RW         1242    .bss..L_MergedGlobals  gxht31.o
    0x20000028        -       0x00000004   Zero   RW         1286    .bss..L_MergedGlobals  sh1106oled.o
    0x2000002c        -       0x0000000c   Zero   RW         1338    .bss..L_MergedGlobals  wifi.o
    0x20000038        -       0x00000003   Zero   RW         1351    .bss..L_MergedGlobals  counter.o
    0x2000003b   0x08009100   0x00000001   PAD
    0x2000003c        -       0x00000054   Zero   RW           49    .bss.hi2c2          i2c.o
    0x20000090        -       0x00000058   Zero   RW           64    .bss.hspi3          spi.o
    0x200000e8        -       0x00000048   Zero   RW           79    .bss.htim2          tim.o
    0x20000130        -       0x00000048   Zero   RW           97    .bss.huart1         usart.o
    0x20000178        -       0x00000048   Zero   RW           96    .bss.huart4         usart.o
    0x200001c0        -       0x00000100   Zero   RW         1337    .bss.rx             wifi.o
    0x200002c0        -       0x00000400   Zero   RW         1285    .bss.s_chDispalyBuffer  sh1106oled.o
    0x200006c0        -       0x00000004   Zero   RW          354    .bss.uwTick         stm32f1xx_hal.o
    0x200006c4   0x08009100   0x00000004   PAD
    0x200006c8        -       0x00000400   Zero   RW            1    STACK               startup_stm32f103xe.o


==============================================================================

Image component sizes


      Code (inc. data)   RO Data    RW Data    ZI Data      Debug   Object Name

       160          0          0          0          3       1185   counter.o
       774         20          0          0         12       5956   encoder.o
       288          0          0          0          0       3057   gpio.o
       714          0          0          0         12       6305   gxht31.o
       174          0          0          0         84       4485   i2c.o
       452         24          0          0          0       8474   main.o
     10480          0          0          0       1028      36062   sh1106oled.o
         0          0       3708          0          0       1382   sh1106oledfont.o
       182          0          0          0         88       4310   spi.o
        36          8        304          0       1024        792   startup_stm32f103xe.o
       188          0          0          8          4       6101   stm32f1xx_hal.o
       196          0          0          0          0       8756   stm32f1xx_hal_cortex.o
       374          0          0          0          0       8766   stm32f1xx_hal_dma.o
       528         22          0          0          0       4709   stm32f1xx_hal_gpio.o
      3044          0          0          0          0      45120   stm32f1xx_hal_i2c.o
        66          0          0          0          0       1212   stm32f1xx_hal_msp.o
      1542          0         18          0          0       8079   stm32f1xx_hal_rcc.o
       962          0          0          0          0      23585   stm32f1xx_hal_spi.o
      1206          0          0          0          0      57839   stm32f1xx_hal_tim.o
       154          0          0          0          0      21408   stm32f1xx_hal_tim_ex.o
      2376          0          0          0          0      33164   stm32f1xx_hal_uart.o
        68          0          0          0          0       6040   stm32f1xx_it.o
         2          0         24          4          0       1590   system_stm32f1xx.o
       178          0          0          0         72       6252   tim.o
       378          0          0          0        144       6139   usart.o
      1406        192        780          0        268       8643   wifi.o

    ----------------------------------------------------------------------
     26068        266       4868         12       2744     319411   Object Totals
         0          0         32          0          0          0   (incl. Generated)
       140          0          2          0          5          0   (incl. Padding)

    ----------------------------------------------------------------------

      Code (inc. data)   RO Data    RW Data    ZI Data      Debug   Library Member Name

        56          8          0          0          0         84   __0sscanf.o
        28          0          0          0          0         68   _chval.o
       812          4          0          0          0        112   _scanf.o
       332          0          0          0          0         96   _scanf_int.o
       224          0          0          0          0         96   _scanf_str.o
        64          0          0          0          0         84   _sgetc.o
        40          6         64          0          0         68   ctype_c.o
         0          0          0          0          0          0   entry.o
         0          0          0          0          0          0   entry10a.o
         0          0          0          0          0          0   entry11a.o
         8          4          0          0          0          0   entry2.o
         4          0          0          0          0          0   entry5.o
         0          0          0          0          0          0   entry7b.o
         0          0          0          0          0          0   entry8b.o
         8          4          0          0          0          0   entry9a.o
        30          0          0          0          0          0   handlers.o
        48         10          0          0          0         68   init.o
        10          0          0          0          0         68   isspace_c.o
         0          0          0          0          0          0   iusefp.o
        30          0          0          0          0         68   llshl.o
        36          0          0          0          0         68   llsshr.o
        32          0          0          0          0         68   llushr.o
        36          0          0          0          0         68   memcpya.o
        36          0          0          0          0        108   memseta.o
      2258         90          0          0          0        452   printfa.o
        36          6          0          0          0         80   puts.o
        40          8          0          0          0         84   scanf_char.o
         0          0          0          4          0          0   stdout.o
        14          0          0          0          0         68   strlen.o
        24          0          0          0          0         76   strncpy.o
        36          0          0          0          0         80   strstr.o
        44          0          0          0          0         80   uidiv.o
        98          0          0          0          0         92   uldiv.o
        48          0          0          0          0         68   cdrcmple.o
       334          0          0          0          0        148   dadd.o
       222          0          0          0          0        100   ddiv.o
       186          0          0          0          0        176   depilogue.o
        48          0          0          0          0         68   dfixul.o
       228          0          0          0          0         96   dmul.o
       176          0          0          0          0        140   fadd.o
        28          0          0          0          0         68   fcmpge.o
        28          0          0          0          0         68   fcmplt.o
       124          0          0          0          0         88   fdiv.o
       110          0          0          0          0        168   fepilogue.o
        50          0          0          0          0         68   ffixi.o
        18          0          0          0          0         68   fflti.o
        10          0          0          0          0         68   ffltui.o
       100          0          0          0          0         76   fmul.o

    ----------------------------------------------------------------------
      6104        140         64          4          0       3604   Library Totals
        10          0          0          0          0          0   (incl. Padding)

    ----------------------------------------------------------------------

      Code (inc. data)   RO Data    RW Data    ZI Data      Debug   Library Name

      4384        140         64          4          0       2136   mc_w.l
      1710          0          0          0          0       1468   mf_w.l

    ----------------------------------------------------------------------
      6104        140         64          4          0       3604   Library Totals

    ----------------------------------------------------------------------

==============================================================================


      Code (inc. data)   RO Data    RW Data    ZI Data      Debug   

     32172        406       4932         16       2744     320731   Grand Totals
     32172        406       4932         16       2744     320731   ELF Image Totals
     32172        406       4932         16          0          0   ROM Totals

==============================================================================

    Total RO  Size (Code + RO Data)                37104 (  36.23kB)
    Total RW  Size (RW Data + ZI Data)              2760 (   2.70kB)
    Total ROM Size (Code + RO Data + RW Data)      37120 (  36.25kB)

==============================================================================

